[Licensing::Module] Trying to connect to existing licensing client channel...
Built from '6000.5/staging' branch; Version is '6000.5.1f1 (0d9463e84828) revision 889955'; Using compiler version '194234433'; Build Type 'Release'
OS: 'Windows 11  (10.0.26200) Professional' Language: 'pt' Physical Memory: 16167 MB
[Licensing::IpcConnector] Successfully connected to: "LicenseClient-saulo" at "2026-07-06T12:25:53.6752833Z"
BatchMode: 1, IsHumanControllingUs: 0, StartBugReporterOnCrash: 0, Is64bit: 1
System  architecture: x64
Process architecture: x64
Date: 2026-07-06T12:25:53Z

COMMAND LINE ARGUMENTS:
C:\Program Files\Unity\Hub\Editor\6000.5.1f1\Editor\Unity.exe
-adb2
-batchMode
-noUpm
-name
AssetImportWorkerHW1
-projectPath
C:/Projetos/IC_Proccess_Simulation
-logFile
Logs/AssetImportWorkerHW1.log
-srvPort
59669
-parentPid
16476
-analyticsCloudUserId
4673597828833
-analyticsCloudProjectId
4dcfb6bf-600c-4547-a78e-622efdda9f33
-analyticsLocalProjectId
e51622229a3831544bdea9e4cf2490ce
-licensingIpc
LicenseClient-saulo
-noDiagnosticSwitchPersistentStore
-job-worker-count
11
-background-job-worker-count
8
-asset-garbage-collectors
1
-force-d3d12
-name
AssetImport
Successfully changed project path to: C:/Projetos/IC_Proccess_Simulation
C:/Projetos/IC_Proccess_Simulation
[UnityMemory] Configuration Parameters - Can be set up in boot.config
    "memorysetup-temp-allocator-size-gi-baking-worker=262144"
    "memorysetup-temp-allocator-size-gi-baking-worker=262144"
    "memorysetup-temp-allocator-size-gi-baking-worker=262144"
    "memorysetup-temp-allocator-size-gi-baking-worker=262144"
    "memorysetup-temp-allocator-size-gi-baking-worker=262144"
    "memorysetup-temp-allocator-size-nav-mesh-worker=65536"
    "memorysetup-temp-allocator-size-audio-worker=65536"
    "memorysetup-temp-allocator-size-cloud-worker=32768"
    "memorysetup-temp-allocator-size-gfx=262144"
    "memorysetup-temp-allocator-size-preload-manager=33554432"
    "memorysetup-allocator-temp-initial-block-size-main=262144"
    "memorysetup-allocator-temp-initial-block-size-worker=262144"
    "memorysetup-temp-allocator-size-job-worker=262144"
    "memorysetup-temp-allocator-size-background-worker=32768"
    "memorysetup-bucket-allocator-granularity=16"
    "memorysetup-bucket-allocator-bucket-count=8"
    "memorysetup-bucket-allocator-block-size=33554432"
    "memorysetup-bucket-allocator-block-count=8"
    "memorysetup-main-allocator-block-size=16777216"
    "memorysetup-thread-allocator-block-size=16777216"
    "memorysetup-main-allocator-mimalloc-enabled=0"
    "memorysetup-gfx-main-allocator-block-size=16777216"
    "memorysetup-gfx-thread-allocator-block-size=16777216"
    "memorysetup-cache-allocator-block-size=4194304"
    "memorysetup-typetree-allocator-block-size=2097152"
    "memorysetup-profiler-bucket-allocator-granularity=16"
    "memorysetup-profiler-bucket-allocator-bucket-count=8"
    "memorysetup-profiler-bucket-allocator-block-size=33554432"
    "memorysetup-profiler-bucket-allocator-block-count=8"
    "memorysetup-profiler-allocator-block-size=16777216"
    "memorysetup-profiler-editor-allocator-block-size=1048576"
    "memorysetup-temp-allocator-size-main=16777216"
    "memorysetup-job-temp-allocator-block-size=2097152"
    "memorysetup-job-temp-allocator-block-size-background=1048576"
    "memorysetup-job-temp-allocator-reduction-small-platforms=262144"
Player connection [30444]  Target information:

Player connection [30444]  * "[IP] 192.168.15.93 [Port] 0 [Flags] 2 [Guid] 3231024276 [EditorId] 3231024276 [Version] 1048832 [Id] WindowsEditor(7,Saulo) [Debug] 1 [PackageName] WindowsEditor [ProjectName] Editor" 

Player connection [30444] Host joined multi-casting on [225.0.0.222:54997]...
Player connection [30444] Host joined alternative multi-casting on [225.0.0.222:34997]...
JobSystem: Creating JobQueue using job-worker-count value 11
Input System module state changed to: Initialized.
[Physics::Module] Initialized fallback backend.
[Physics::Module] Id: 0xdecafbad
Library Redirect Path: Library/
[Physics::Module] Selected backend.
[Physics::Module] Name: PhysX
[Physics::Module] Id: 0xf2b8ea05
[Physics::Module] SDK Version: 4.1.2
[Physics::Module] Integration Version: 1.0.0
[Physics::Module] Threading Mode: Multi-Threaded
Refreshing native plugins compatible for Editor in 3.33 ms, found 4 plugins.
Initialize engine version: 6000.5.1f1 (0d9463e84828)
[Subsystems] Discovering subsystems at path C:/Program Files/Unity/Hub/Editor/6000.5.1f1/Editor/Data/Resources/UnitySubsystems
[Subsystems] Discovering subsystems at path C:/Projetos/IC_Proccess_Simulation/Assets
Forcing GfxDevice: Direct3D 12
GfxDevice: creating device client; kGfxThreadingModeNonThreaded
d3d12: failed to query info queue interface (0x80004002).
Direct3D:
    Version:         Direct3D 12 [level 12.2]
    Renderer:        NVIDIA GeForce RTX 4060 Ti (ID=0x2803)
    Vendor:          NVIDIA
    VRAM:            7949 MB
    App VRAM Budget: 7181 MB
    Driver:          32.0.16.1062
[Licensing::Client] Error: HandshakeResponse reported an error:
	ResponseCode: 505
	ResponseStatus: Unsupported protocol version '1.18.1'.
[Licensing::Module] Error: Failed to handshake to channel: "LicenseClient-saulo"
[Licensing::IpcConnector] LicenseClient-saulo channel disconnected successfully.
[Licensing::IpcConnector] Successfully connected to: "LicenseClient-saulo-6000.5.1" at "2026-07-06T12:25:54.7641554Z"
[Licensing::Client] Code 10 while verifying Licensing Client signature (process Id: 7960, path: "C:/Program Files/Unity/Hub/Editor/6000.5.1f1/Editor/Data/Resources/Licensing/Client/Unity.Licensing.Client.exe")
[Licensing::Module] LicensingClient has failed validation; ignoring
[Licensing::Client] Handshaking with LicensingClient:
  Version:                 1.18.1+9fbee8e
  Session Id:              b3283d922edb479e8948a4bf48459677
  Correlation Id:          7a86b394f9e0a459171cf3b9d7eb7895
  External correlation Id: 5529215630702109302
  Machine Id:              V3xl/KFzp8KB5h0c5OHsIFv/LLw=
[Licensing::Module] Successfully connected to LicensingClient on channel: "LicenseClient-saulo-6000.5.1" (connect: 0.00s, validation: 0.00s, handshake: 0.01s)
[Licensing::IpcConnector] Successfully connected to: "LicenseClient-saulo-6000.5.1-notifications" at "2026-07-06T12:25:54.7751499Z"
[Licensing::Module] Licensing Background thread has ended after 1.10s
Initialize mono
Mono path[0] = 'C:/Program Files/Unity/Hub/Editor/6000.5.1f1/Editor/Data/Managed'
Mono path[1] = 'C:/Program Files/Unity/Hub/Editor/6000.5.1f1/Editor/Data/BCLExtensions/runtime/netstandard2.1'
Mono path[2] = 'C:/Program Files/Unity/Hub/Editor/6000.5.1f1/Editor/Data/MonoBleedingEdge/lib/mono/unityjit-win32'
Mono config path = 'C:/Program Files/Unity/Hub/Editor/6000.5.1f1/Editor/Data/MonoBleedingEdge/etc'
Using monoOptions --debugger-agent=transport=dt_socket,embedding=1,server=y,suspend=n,address=127.0.0.1:56464
CodeReloadManager initialized
Begin MonoManager ReloadAssembly
Registering precompiled unity dll's ...
Register platform support module: C:/Program Files/Unity/Hub/Editor/6000.5.1f1/Editor/Data/PlaybackEngines/WebGLSupport/UnityEditor.WebGL.Extensions.dll
Register platform support module: C:/Program Files/Unity/Hub/Editor/6000.5.1f1/Editor/Data/PlaybackEngines/MacStandaloneSupport/UnityEditor.OSXStandalone.Extensions.dll
Register platform support module: C:/Program Files/Unity/Hub/Editor/6000.5.1f1/Editor/Data/PlaybackEngines/WindowsStandaloneSupport/UnityEditor.WindowsStandalone.Extensions.dll
[Licensing::Client] Successfully resolved entitlement details
[Licensing::Module] License group:
  Id: 4674135502901-saulojorentij-UnityProStuXXXX
  Product: Unity Student
  Type: Assigned
  Expiration: 2026-10-25T14:28:37Z
Register platform support module: C:/Program Files/Unity/Hub/Editor/6000.5.1f1/Editor/Data/PlaybackEngines/MetroSupport/UnityEditor.UWP.Extensions.dll
Registered in 0.007894 seconds.
Native extension for UWP target not found
Native extension for WindowsStandalone target not found
Native extension for OSXStandalone target not found
Native extension for WebGL target not found
Package Manager log level set to [2]
[Package Manager] Failed to launch server process. Reason: Unity was launched with the -noUpm command-line argument
[Package Manager] Unable to send message (not connected to server process).
[Package Manager] Cannot connect to Unity Package Manager local server
ScheduleIndexationOnStartup MainProcess:False IndexOnStartup:True
Mono: successfully reloaded assembly
- Finished resetting the current domain, in  0.382 seconds
Domain Reload Profiling: 842ms
	BeginReloadAssembly (119ms)
	RebuildCommonClasses (4ms)
	RebuildNativeTypeToScriptingClass (12ms)
	initialDomainReloadingComplete (64ms)
	LoadAllAssembliesAndSetupDomain (259ms)
		LoadAssemblies (119ms)
		AnalyzeDomain (186ms)
			TypeCache.Refresh (184ms)
				TypeCache.ScanAssembly (171ms)
	FinalizeReload (384ms)
		SetupLoadedEditorAssemblies (0ms)
			InitializePlatformSupportModulesInManaged (55ms)
			BeforeProcessingInitializeOnLoad (82ms)
			ProcessInitializeOnLoadAttributes (88ms)
			ProcessInitializeOnLoadMethodAttributes (90ms)
Initializing Unity extensions:
[Licensing::Client] Successfully resolved entitlement details
========================================================================
Worker process is ready to serve import requests
Import Worker Mode flag is 0x00
Begin MonoManager ReloadAssembly
Refreshing native plugins compatible for Editor in 3.19 ms, found 4 plugins.
Native extension for UWP target not found
Native extension for WindowsStandalone target not found
Native extension for OSXStandalone target not found
Native extension for WebGL target not found
[Package Manager] Failed to launch server process. Reason: Unity was launched with the -noUpm command-line argument
[Package Manager] Unable to send message (not connected to server process).
[Package Manager] Cannot connect to Unity Package Manager local server
Refreshing native plugins compatible for Editor in 2.40 ms, found 4 plugins.
[Package Manager] Failed to launch server process. Reason: Unity was launched with the -noUpm command-line argument
[Package Manager] Unable to send message (not connected to server process).
[Package Manager] Cannot connect to Unity Package Manager local server
ScheduleIndexationOnStartup MainProcess:False IndexOnStartup:True
Mono: successfully reloaded assembly
- Finished resetting the current domain, in  1.233 seconds
Domain Reload Profiling: 2131ms
	BeginReloadAssembly (155ms)
		DisableScriptedObjects (5ms)
		CreateAndSetChildDomain (25ms)
	RebuildCommonClasses (7ms)
	RebuildNativeTypeToScriptingClass (12ms)
	initialDomainReloadingComplete (53ms)
	LoadAllAssembliesAndSetupDomain (671ms)
		LoadAssemblies (398ms)
		AnalyzeDomain (255ms)
			TypeCache.Refresh (188ms)
				TypeCache.ScanAssembly (174ms)
			BuildScriptInfoCaches (59ms)
			ResolveRequiredComponents (6ms)
	FinalizeReload (1234ms)
		SetupLoadedEditorAssemblies (0ms)
			InitializePlatformSupportModulesInManaged (11ms)
			BeforeProcessingInitializeOnLoad (74ms)
			ProcessInitializeOnLoadAttributes (261ms)
			ProcessInitializeOnLoadMethodAttributes (725ms)
			AfterProcessingInitializeOnLoad (5ms)
		AwakeInstancesAfterBackupRestoration (3ms)
AcceleratorClientConnectionCallback - disconnected - :0
Launched and connected shader compiler UnityShaderCompiler.exe after 0.03 seconds
Unloading 24 Unused Serialized files (Serialized files now loaded: 0)
Curl error 3: URL rejected: Malformed input to a URL function
Unloading 7562 unused Assets / (7.5 MB). Loaded Objects now: 8637.
Memory consumption went from 443.2 MB to 435.7 MB.
Total: 11.303100 ms (FindLiveObjects: 1.767600 ms CreateObjectMapping: 2.494200 ms MarkObjects: 4.400300 ms  DeleteObjects: 2.638800 ms)

========================================================================
Received Prepare
AcceleratorClientConnectionCallback - disconnected - :0
Refreshing native plugins compatible for Editor in 2.51 ms, found 4 plugins.
Unloading 19 Unused Serialized files (Serialized files now loaded: 0)
Unloading 7550 unused Assets / (7.3 MB). Loaded Objects now: 8638.
Memory consumption went from 440.3 MB to 433.0 MB.
Total: 11.429800 ms (FindLiveObjects: 0.953200 ms CreateObjectMapping: 2.816000 ms MarkObjects: 4.515100 ms  DeleteObjects: 3.144100 ms)

Prepare: number of updated asset objects reloaded= 0
========================================================================
Received Import Request.
  Time of request: 2026-07-06T12:26:02.6298243Z
  Time since last request: 743813.39518560003489 seconds.
  importAddress: GUID: 46815856906b80d4ea1b9407ddb4fdef - Path: Assets/Scripts/SimulationCore/Components/TankModel.cs - Importer: PreviewImporter
Importing 'GUID: 46815856906b80d4ea1b9407ddb4fdef - Path: Assets/Scripts/SimulationCore/Components/TankModel.cs - Importer: PreviewImporter' with importer (PreviewImporter)
Imported 'GUID: 46815856906b80d4ea1b9407ddb4fdef' -> (Import Result ID: 'd2fe8e37ece105917b15f428f3c05a6d') in 0.037 seconds [static and dynamic dependencies]. Details - ImportResultOutputID=73c4bc2d375f396fad97d588e35cfd55 DependenciesID=af259f0c7edda5b71fc8dfc1484a4fd5 StaticDependenciesID=8cb94a22c79548e0d026f7ab4f5d25f0 
Number of updated asset objects reloaded before import = 0
Number of asset objects unloaded after import = 0
========================================================================
Received Prepare
AcceleratorClientConnectionCallback - disconnected - :0
Refreshing native plugins compatible for Editor in 2.39 ms, found 4 plugins.
Unloading 19 Unused Serialized files (Serialized files now loaded: 0)
Unloading 7551 unused Assets / (7.2 MB). Loaded Objects now: 8641.
Memory consumption went from 450.4 MB to 443.2 MB.
Total: 11.512300 ms (FindLiveObjects: 0.693300 ms CreateObjectMapping: 2.755600 ms MarkObjects: 4.549600 ms  DeleteObjects: 3.512300 ms)

Prepare: number of updated asset objects reloaded= 0
========================================================================
Received Import Request.
  Time of request: 2026-07-06T12:26:24.3690092Z
  Time since last request: 21.6790378 seconds.
  importAddress: GUID: 80245385f94aa2a47a9243d6620af282 - Path: Assets/Scripts/SimulationCore/Components/FirstOrderActuator.cs - Importer: PreviewImporter
Importing 'GUID: 80245385f94aa2a47a9243d6620af282 - Path: Assets/Scripts/SimulationCore/Components/FirstOrderActuator.cs - Importer: PreviewImporter' with importer (PreviewImporter)
Imported 'GUID: 80245385f94aa2a47a9243d6620af282' -> (Import Result ID: '4aec77c3906530a4d5a70fe78e2d7e9f') in 0.001 seconds [static and dynamic dependencies]. Details - ImportResultOutputID=eb2f36d79c5d8eea14675f65785dc338 DependenciesID=ffae94e412df3726ae2b80facd8293b4 StaticDependenciesID=bbea2b3575c88b86b6718755abc610ee 
Number of updated asset objects reloaded before import = 0
Number of asset objects unloaded after import = 0
========================================================================
Received Prepare
AcceleratorClientConnectionCallback - disconnected - :0
Refreshing native plugins compatible for Editor in 3.12 ms, found 4 plugins.
Unloading 19 Unused Serialized files (Serialized files now loaded: 0)
Unloading 7551 unused Assets / (6.7 MB). Loaded Objects now: 8641.
Memory consumption went from 450.4 MB to 443.7 MB.
Total: 16.504200 ms (FindLiveObjects: 0.805200 ms CreateObjectMapping: 3.959900 ms MarkObjects: 7.144100 ms  DeleteObjects: 4.593000 ms)

Prepare: number of updated asset objects reloaded= 0
========================================================================
Received Prepare
AcceleratorClientConnectionCallback - disconnected - :0
Refreshing native plugins compatible for Editor in 4.58 ms, found 4 plugins.
Unloading 19 Unused Serialized files (Serialized files now loaded: 0)
Unloading 7551 unused Assets / (6.7 MB). Loaded Objects now: 8641.
Memory consumption went from 459.7 MB to 453.0 MB.
Total: 15.806000 ms (FindLiveObjects: 0.858200 ms CreateObjectMapping: 3.582400 ms MarkObjects: 7.295100 ms  DeleteObjects: 4.068300 ms)

Prepare: number of updated asset objects reloaded= 0
========================================================================
Received Import Request.
  Time of request: 2026-07-06T12:30:23.8420957Z
  Time since last request: 239.45155639999999 seconds.
  importAddress: GUID: 46815856906b80d4ea1b9407ddb4fdef - Path: Assets/Scripts/SimulationCore/Components/TankModel.cs - Importer: ScriptedImporter/UnityEditor.QuickSearchModule:UnityEditor.Search:ASIAI0B
Importing 'GUID: 46815856906b80d4ea1b9407ddb4fdef - Path: Assets/Scripts/SimulationCore/Components/TankModel.cs - Importer: ScriptedImporter/UnityEditor.QuickSearchModule:UnityEditor.Search:ASIAI0B' with importer (ScriptedImporter : UnityEditor.QuickSearchModule:UnityEditor.Search:ASIAI0B)
Imported 'GUID: 46815856906b80d4ea1b9407ddb4fdef' -> (Import Result ID: '7cd58fb044d68592d000a6370852292e') in 0.118 seconds [static and dynamic dependencies]. Details - ImportResultOutputID=9f9a74adf5b0a70866af0b77212db181 DependenciesID=38c994d273700230773d491bd9c8ee4c StaticDependenciesID=4e609916b4d6549208efbe334771b77b 
Number of updated asset objects reloaded before import = 0
Number of asset objects unloaded after import = 0
========================================================================
Received Prepare
AcceleratorClientConnectionCallback - disconnected - :0
[Licensing::Client] Successfully resolved entitlement details
Begin MonoManager ReloadAssembly
Native extension for UWP target not found
Native extension for WindowsStandalone target not found
Native extension for OSXStandalone target not found
Native extension for WebGL target not found
[Package Manager] Failed to launch server process. Reason: Unity was launched with the -noUpm command-line argument
[Package Manager] Unable to send message (not connected to server process).
[Package Manager] Cannot connect to Unity Package Manager local server
[Package Manager] Failed to launch server process. Reason: Unity was launched with the -noUpm command-line argument
[Package Manager] Unable to send message (not connected to server process).
[Package Manager] Cannot connect to Unity Package Manager local server
ScheduleIndexationOnStartup MainProcess:False IndexOnStartup:True
Mono: successfully reloaded assembly
- Finished resetting the current domain, in  0.737 seconds
Domain Reload Profiling: 1632ms
	BeginReloadAssembly (202ms)
		DisableScriptedObjects (5ms)
		CreateAndSetChildDomain (46ms)
	RebuildCommonClasses (8ms)
	RebuildNativeTypeToScriptingClass (14ms)
	initialDomainReloadingComplete (66ms)
	LoadAllAssembliesAndSetupDomain (604ms)
		LoadAssemblies (366ms)
		AnalyzeDomain (194ms)
			TypeCache.Refresh (11ms)
			BuildScriptInfoCaches (175ms)
			ResolveRequiredComponents (6ms)
	FinalizeReload (738ms)
		SetupLoadedEditorAssemblies (0ms)
			InitializePlatformSupportModulesInManaged (11ms)
			BeforeProcessingInitializeOnLoad (82ms)
			ProcessInitializeOnLoadAttributes (233ms)
			ProcessInitializeOnLoadMethodAttributes (118ms)
			AfterProcessingInitializeOnLoad (5ms)
		AwakeInstancesAfterBackupRestoration (11ms)
Unloading 19 Unused Serialized files (Serialized files now loaded: 0)
Unloading 7562 unused Assets / (7.0 MB). Loaded Objects now: 8698.
Memory consumption went from 474.2 MB to 467.2 MB.
Total: 10.755600 ms (FindLiveObjects: 0.764900 ms CreateObjectMapping: 2.615400 ms MarkObjects: 3.900900 ms  DeleteObjects: 3.473600 ms)

Prepare: number of updated asset objects reloaded= 0
========================================================================
Received Prepare
AcceleratorClientConnectionCallback - disconnected - :0
Refreshing native plugins compatible for Editor in 2.62 ms, found 4 plugins.
Unloading 19 Unused Serialized files (Serialized files now loaded: 0)
Unloading 7552 unused Assets / (7.1 MB). Loaded Objects now: 8699.
Memory consumption went from 483.7 MB to 476.6 MB.
Total: 10.260700 ms (FindLiveObjects: 0.695400 ms CreateObjectMapping: 2.651900 ms MarkObjects: 4.060900 ms  DeleteObjects: 2.851200 ms)

Prepare: number of updated asset objects reloaded= 0
========================================================================
Received Prepare
AcceleratorClientConnectionCallback - disconnected - :0
Refreshing native plugins compatible for Editor in 2.87 ms, found 4 plugins.
Unloading 19 Unused Serialized files (Serialized files now loaded: 0)
Unloading 7551 unused Assets / (6.3 MB). Loaded Objects now: 8698.
Memory consumption went from 493.0 MB to 486.7 MB.
Total: 15.979000 ms (FindLiveObjects: 1.004700 ms CreateObjectMapping: 3.442400 ms MarkObjects: 5.839900 ms  DeleteObjects: 5.690600 ms)

Prepare: number of updated asset objects reloaded= 0
========================================================================
Received Prepare
AcceleratorClientConnectionCallback - disconnected - :0
[Licensing::Client] Successfully resolved entitlement details
Begin MonoManager ReloadAssembly
Native extension for UWP target not found
Native extension for WindowsStandalone target not found
Native extension for OSXStandalone target not found
Native extension for WebGL target not found
[Package Manager] Failed to launch server process. Reason: Unity was launched with the -noUpm command-line argument
[Package Manager] Unable to send message (not connected to server process).
[Package Manager] Cannot connect to Unity Package Manager local server
[Package Manager] Failed to launch server process. Reason: Unity was launched with the -noUpm command-line argument
[Package Manager] Unable to send message (not connected to server process).
[Package Manager] Cannot connect to Unity Package Manager local server
ScheduleIndexationOnStartup MainProcess:False IndexOnStartup:True
Mono: successfully reloaded assembly
- Finished resetting the current domain, in  0.722 seconds
Domain Reload Profiling: 1328ms
	BeginReloadAssembly (197ms)
		DisableScriptedObjects (4ms)
		CreateAndSetChildDomain (42ms)
	RebuildCommonClasses (7ms)
	RebuildNativeTypeToScriptingClass (12ms)
	initialDomainReloadingComplete (52ms)
	LoadAllAssembliesAndSetupDomain (337ms)
		LoadAssemblies (293ms)
		AnalyzeDomain (19ms)
			TypeCache.Refresh (9ms)
			ResolveRequiredComponents (7ms)
	FinalizeReload (723ms)
		SetupLoadedEditorAssemblies (0ms)
			InitializePlatformSupportModulesInManaged (9ms)
			BeforeProcessingInitializeOnLoad (80ms)
			ProcessInitializeOnLoadAttributes (269ms)
			ProcessInitializeOnLoadMethodAttributes (122ms)
			AfterProcessingInitializeOnLoad (5ms)
		AwakeInstancesAfterBackupRestoration (17ms)
Refreshing native plugins compatible for Editor in 2.11 ms, found 4 plugins.
Unloading 19 Unused Serialized files (Serialized files now loaded: 0)
Unloading 7562 unused Assets / (7.4 MB). Loaded Objects now: 8701.
Memory consumption went from 499.5 MB to 492.1 MB.
Total: 10.304100 ms (FindLiveObjects: 0.719700 ms CreateObjectMapping: 2.724900 ms MarkObjects: 4.008800 ms  DeleteObjects: 2.845600 ms)

Prepare: number of updated asset objects reloaded= 0
========================================================================
Received Prepare
AcceleratorClientConnectionCallback - disconnected - :0
Refreshing native plugins compatible for Editor in 2.22 ms, found 4 plugins.
Unloading 19 Unused Serialized files (Serialized files now loaded: 0)
Unloading 19 unused Assets / (3.2 MB). Loaded Objects now: 8701.
Memory consumption went from 503.4 MB to 500.2 MB.
Total: 6.247000 ms (FindLiveObjects: 0.476100 ms CreateObjectMapping: 1.085700 ms MarkObjects: 4.252600 ms  DeleteObjects: 0.431100 ms)

Prepare: number of updated asset objects reloaded= 0
========================================================================
Received Import Request.
  Time of request: 2026-07-06T12:35:35.0037468Z
  Time since last request: 311.00161989999998 seconds.
  importAddress: GUID: d2aa3e599b81d904bb64d8bd65876f06 - Path: Assets/Scripts/SimulationCore/Runtime - Importer: PreviewImporter
Importing 'GUID: d2aa3e599b81d904bb64d8bd65876f06 - Path: Assets/Scripts/SimulationCore/Runtime - Importer: PreviewImporter' with importer (PreviewImporter)
Imported 'GUID: d2aa3e599b81d904bb64d8bd65876f06' -> (Import Result ID: '887128889f89b02bf123ab4a5bc24f31') in 0.004 seconds [static and dynamic dependencies]. Details - ImportResultOutputID=a26e68c1e292b7065470ade8eea69958 DependenciesID=e0b398551a4040716d43c10211f35eee StaticDependenciesID=8ec3e73fe4769f897940ef3e0cfe0856 
Number of updated asset objects reloaded before import = 0
Number of asset objects unloaded after import = 0
========================================================================
Received Prepare
AcceleratorClientConnectionCallback - disconnected - :0
Refreshing native plugins compatible for Editor in 2.28 ms, found 4 plugins.
Unloading 19 Unused Serialized files (Serialized files now loaded: 0)
Unloading 7552 unused Assets / (7.2 MB). Loaded Objects now: 8702.
Memory consumption went from 499.7 MB to 492.5 MB.
Total: 12.294900 ms (FindLiveObjects: 0.762000 ms CreateObjectMapping: 2.746700 ms MarkObjects: 4.830700 ms  DeleteObjects: 3.954200 ms)

Prepare: number of updated asset objects reloaded= 0
========================================================================
Received Prepare
AcceleratorClientConnectionCallback - disconnected - :0
Begin MonoManager ReloadAssembly
Refreshing native plugins compatible for Editor in 5.81 ms, found 4 plugins.
Native extension for UWP target not found
Native extension for WindowsStandalone target not found
Native extension for OSXStandalone target not found
Native extension for WebGL target not found
[Package Manager] Failed to launch server process. Reason: Unity was launched with the -noUpm command-line argument
[Package Manager] Unable to send message (not connected to server process).
[Package Manager] Cannot connect to Unity Package Manager local server
[Package Manager] Failed to launch server process. Reason: Unity was launched with the -noUpm command-line argument
[Package Manager] Unable to send message (not connected to server process).
[Package Manager] Cannot connect to Unity Package Manager local server
ScheduleIndexationOnStartup MainProcess:False IndexOnStartup:True
Mono: successfully reloaded assembly
- Finished resetting the current domain, in  1.195 seconds
Domain Reload Profiling: 2660ms
	BeginReloadAssembly (338ms)
		DisableScriptedObjects (13ms)
		CreateAndSetChildDomain (61ms)
	RebuildCommonClasses (12ms)
	RebuildNativeTypeToScriptingClass (23ms)
	initialDomainReloadingComplete (116ms)
	LoadAllAssembliesAndSetupDomain (975ms)
		LoadAssemblies (584ms)
		AnalyzeDomain (356ms)
			TypeCache.Refresh (16ms)
			BuildScriptInfoCaches (327ms)
			ResolveRequiredComponents (11ms)
	FinalizeReload (1197ms)
		SetupLoadedEditorAssemblies (0ms)
			InitializePlatformSupportModulesInManaged (17ms)
			BeforeProcessingInitializeOnLoad (143ms)
			ProcessInitializeOnLoadAttributes (442ms)
			ProcessInitializeOnLoadMethodAttributes (194ms)
			AfterProcessingInitializeOnLoad (18ms)
		AwakeInstancesAfterBackupRestoration (29ms)
Refreshing native plugins compatible for Editor in 4.82 ms, found 4 plugins.
Unloading 19 Unused Serialized files (Serialized files now loaded: 0)
Unloading 7563 unused Assets / (6.7 MB). Loaded Objects now: 8705.
Memory consumption went from 509.3 MB to 502.6 MB.
Total: 18.496600 ms (FindLiveObjects: 1.808100 ms CreateObjectMapping: 4.604100 ms MarkObjects: 7.675100 ms  DeleteObjects: 4.407100 ms)

Prepare: number of updated asset objects reloaded= 0
========================================================================
Received Import Request.
  Time of request: 2026-07-06T12:35:56.7197419Z
  Time since last request: 21.6843009 seconds.
  importAddress: GUID: 64ab0186ab816124cb044d7bd50782aa - Path: Assets/Scripts/SimulationCore/Runtime/FixedStepSimulation.cs - Importer: PreviewImporter
Importing 'GUID: 64ab0186ab816124cb044d7bd50782aa - Path: Assets/Scripts/SimulationCore/Runtime/FixedStepSimulation.cs - Importer: PreviewImporter' with importer (PreviewImporter)
Imported 'GUID: 64ab0186ab816124cb044d7bd50782aa' -> (Import Result ID: '00000000000000000000000000000000') in 0.010 seconds
Import Error Code:(4)
Message: Build asset version error: assets/scripts/simulationcore/runtime/fixedstepsimulation.cs in SourceAssetDB has modification time of '2026-07-06T12:35:44.9904003Z' while content on disk has modification time of '2026-07-06T12:35:51.4473988Z'
  ERROR: Build asset version error: assets/scripts/simulationcore/runtime/fixedstepsimulation.cs in SourceAssetDB has modification time of '2026-07-06T12:35:44.9904003Z' while content on disk has modification time of '2026-07-06T12:35:51.4473988Z'
Number of updated asset objects reloaded before import = 0
Number of asset objects unloaded after import = 0
========================================================================
Received Prepare
AcceleratorClientConnectionCallback - disconnected - :0
[Licensing::Client] Successfully resolved entitlement details
Begin MonoManager ReloadAssembly
Refreshing native plugins compatible for Editor in 4.53 ms, found 4 plugins.
Native extension for UWP target not found
Native extension for WindowsStandalone target not found
Native extension for OSXStandalone target not found
Native extension for WebGL target not found
[Package Manager] Failed to launch server process. Reason: Unity was launched with the -noUpm command-line argument
[Package Manager] Unable to send message (not connected to server process).
[Package Manager] Cannot connect to Unity Package Manager local server
[Package Manager] Failed to launch server process. Reason: Unity was launched with the -noUpm command-line argument
[Package Manager] Unable to send message (not connected to server process).
[Package Manager] Cannot connect to Unity Package Manager local server
ScheduleIndexationOnStartup MainProcess:False IndexOnStartup:True
Mono: successfully reloaded assembly
- Finished resetting the current domain, in  1.157 seconds
Domain Reload Profiling: 2591ms
	BeginReloadAssembly (323ms)
		DisableScriptedObjects (10ms)
		CreateAndSetChildDomain (68ms)
	RebuildCommonClasses (12ms)
	RebuildNativeTypeToScriptingClass (23ms)
	initialDomainReloadingComplete (117ms)
	LoadAllAssembliesAndSetupDomain (958ms)
		LoadAssemblies (556ms)
		AnalyzeDomain (354ms)
			TypeCache.Refresh (16ms)
			BuildScriptInfoCaches (326ms)
			ResolveRequiredComponents (10ms)
	FinalizeReload (1158ms)
		SetupLoadedEditorAssemblies (0ms)
			InitializePlatformSupportModulesInManaged (19ms)
			BeforeProcessingInitializeOnLoad (141ms)
			ProcessInitializeOnLoadAttributes (410ms)
			ProcessInitializeOnLoadMethodAttributes (184ms)
			AfterProcessingInitializeOnLoad (14ms)
		AwakeInstancesAfterBackupRestoration (30ms)
Refreshing native plugins compatible for Editor in 5.56 ms, found 4 plugins.
Unloading 19 Unused Serialized files (Serialized files now loaded: 0)
Unloading 7563 unused Assets / (5.9 MB). Loaded Objects now: 8708.
Memory consumption went from 475.1 MB to 469.1 MB.
Total: 16.525500 ms (FindLiveObjects: 1.674100 ms CreateObjectMapping: 4.321700 ms MarkObjects: 6.390500 ms  DeleteObjects: 4.137500 ms)

Prepare: number of updated asset objects reloaded= 0
========================================================================
Received Import Request.
  Time of request: 2026-07-06T12:43:16.6533209Z
  Time since last request: 439.88808299999999 seconds.
  importAddress: GUID: 64ab0186ab816124cb044d7bd50782aa - Path: Assets/Scripts/SimulationCore/Runtime/FixedStepSimulation.cs - Importer: PreviewImporter
Importing 'GUID: 64ab0186ab816124cb044d7bd50782aa - Path: Assets/Scripts/SimulationCore/Runtime/FixedStepSimulation.cs - Importer: PreviewImporter' with importer (PreviewImporter)
Imported 'GUID: 64ab0186ab816124cb044d7bd50782aa' -> (Import Result ID: '4023131c3b45833c60a2a3fc3b6cd4e8') in 0.005 seconds [static and dynamic dependencies]. Details - ImportResultOutputID=4a19054fc5de4ad46b1981a8df0ca456 DependenciesID=82636a106881a7e66892560944529130 StaticDependenciesID=de801906fb3401c2044fef338d5abc82 
Number of updated asset objects reloaded before import = 0
Number of asset objects unloaded after import = 0
Editor requested this worker to shutdown with reason: Editor is closing down
AcceleratorClientConnectionCallback - disconnected - :0
AssetImportWorker is now disconnected from the server
Process exiting
Exiting without the bug reporter. Application will terminate with return code 0