[Licensing::Module] Trying to connect to existing licensing client channel...
Built from '6000.5/staging' branch; Version is '6000.5.1f1 (0d9463e84828) revision 889955'; Using compiler version '194234433'; Build Type 'Release'
[Licensing::IpcConnector] Successfully connected to: "LicenseClient-saulo" at "2026-08-13T14:29:15.9504373Z"
OS: 'Windows 11  (10.0.26200) Professional' Language: 'pt' Physical Memory: 16167 MB
BatchMode: 1, IsHumanControllingUs: 0, StartBugReporterOnCrash: 0, Is64bit: 1
System  architecture: x64
Process architecture: x64
Date: 2026-08-13T14:29:15Z

COMMAND LINE ARGUMENTS:
C:\Program Files\Unity\Hub\Editor\6000.5.1f1\Editor\Unity.exe
-adb2
-batchMode
-noUpm
-name
AssetImportWorkerHW0
-projectPath
C:/Projetos/IC_Proccess_Simulation
-logFile
Logs/AssetImportWorkerHW0.log
-srvPort
59574
-parentPid
10912
-analyticsCloudUserId
anonymous
-analyticsCloudProjectId
4dcfb6bf-600c-4547-a78e-622efdda9f33
-analyticsLocalProjectId
e51622229a3831544bdea9e4cf2490ce
-licensingIpc
LicenseClient-saulo
-noDiagnosticSwitchPersistentStore
-job-worker-count
11
-background-job-worker-count
8
-asset-garbage-collectors
1
-force-d3d12
-name
AssetImport
Successfully changed project path to: C:/Projetos/IC_Proccess_Simulation
C:/Projetos/IC_Proccess_Simulation
[UnityMemory] Configuration Parameters - Can be set up in boot.config
    "memorysetup-temp-allocator-size-gi-baking-worker=262144"
    "memorysetup-temp-allocator-size-gi-baking-worker=262144"
    "memorysetup-temp-allocator-size-gi-baking-worker=262144"
    "memorysetup-temp-allocator-size-gi-baking-worker=262144"
    "memorysetup-temp-allocator-size-gi-baking-worker=262144"
    "memorysetup-temp-allocator-size-nav-mesh-worker=65536"
    "memorysetup-temp-allocator-size-audio-worker=65536"
    "memorysetup-temp-allocator-size-cloud-worker=32768"
    "memorysetup-temp-allocator-size-gfx=262144"
    "memorysetup-temp-allocator-size-preload-manager=33554432"
    "memorysetup-allocator-temp-initial-block-size-main=262144"
    "memorysetup-allocator-temp-initial-block-size-worker=262144"
    "memorysetup-temp-allocator-size-job-worker=262144"
    "memorysetup-temp-allocator-size-background-worker=32768"
    "memorysetup-bucket-allocator-granularity=16"
    "memorysetup-bucket-allocator-bucket-count=8"
    "memorysetup-bucket-allocator-block-size=33554432"
    "memorysetup-bucket-allocator-block-count=8"
    "memorysetup-main-allocator-block-size=16777216"
    "memorysetup-thread-allocator-block-size=16777216"
    "memorysetup-main-allocator-mimalloc-enabled=0"
    "memorysetup-gfx-main-allocator-block-size=16777216"
    "memorysetup-gfx-thread-allocator-block-size=16777216"
    "memorysetup-cache-allocator-block-size=4194304"
    "memorysetup-typetree-allocator-block-size=2097152"
    "memorysetup-profiler-bucket-allocator-granularity=16"
    "memorysetup-profiler-bucket-allocator-bucket-count=8"
    "memorysetup-profiler-bucket-allocator-block-size=33554432"
    "memorysetup-profiler-bucket-allocator-block-count=8"
    "memorysetup-profiler-allocator-block-size=16777216"
    "memorysetup-profiler-editor-allocator-block-size=1048576"
    "memorysetup-temp-allocator-size-main=16777216"
    "memorysetup-job-temp-allocator-block-size=2097152"
    "memorysetup-job-temp-allocator-block-size-background=1048576"
    "memorysetup-job-temp-allocator-reduction-small-platforms=262144"
Player connection [22956]  Target information:

Player connection [22956]  * "[IP] 192.168.15.93 [Port] 0 [Flags] 2 [Guid] 2033550110 [EditorId] 2033550110 [Version] 1048832 [Id] WindowsEditor(7,Saulo) [Debug] 1 [PackageName] WindowsEditor [ProjectName] Editor" 

Player connection [22956] Host joined multi-casting on [225.0.0.222:54997]...
Player connection [22956] Host joined alternative multi-casting on [225.0.0.222:34997]...
JobSystem: Creating JobQueue using job-worker-count value 11
Input System module state changed to: Initialized.
[Physics::Module] Initialized fallback backend.
[Physics::Module] Id: 0xdecafbad
Library Redirect Path: Library/
[Physics::Module] Selected backend.
[Physics::Module] Name: PhysX
[Physics::Module] Id: 0xf2b8ea05
[Physics::Module] SDK Version: 4.1.2
[Physics::Module] Integration Version: 1.0.0
[Physics::Module] Threading Mode: Multi-Threaded
Refreshing native plugins compatible for Editor in 3.50 ms, found 4 plugins.
Initialize engine version: 6000.5.1f1 (0d9463e84828)
[Subsystems] Discovering subsystems at path C:/Program Files/Unity/Hub/Editor/6000.5.1f1/Editor/Data/Resources/UnitySubsystems
[Subsystems] Discovering subsystems at path C:/Projetos/IC_Proccess_Simulation/Assets
Forcing GfxDevice: Direct3D 12
GfxDevice: creating device client; kGfxThreadingModeNonThreaded
d3d12: failed to query info queue interface (0x80004002).
Direct3D:
    Version:         Direct3D 12 [level 12.2]
    Renderer:        NVIDIA GeForce RTX 4060 Ti (ID=0x2803)
    Vendor:          NVIDIA
    VRAM:            7949 MB
    App VRAM Budget: 7181 MB
    Driver:          32.0.16.1074
Initialize mono
Mono path[0] = 'C:/Program Files/Unity/Hub/Editor/6000.5.1f1/Editor/Data/Managed'
Mono path[1] = 'C:/Program Files/Unity/Hub/Editor/6000.5.1f1/Editor/Data/BCLExtensions/runtime/netstandard2.1'
Mono path[2] = 'C:/Program Files/Unity/Hub/Editor/6000.5.1f1/Editor/Data/MonoBleedingEdge/lib/mono/unityjit-win32'
Mono config path = 'C:/Program Files/Unity/Hub/Editor/6000.5.1f1/Editor/Data/MonoBleedingEdge/etc'
Using monoOptions --debugger-agent=transport=dt_socket,embedding=1,server=y,suspend=n,address=127.0.0.1:56560
CodeReloadManager initialized
Begin MonoManager ReloadAssembly
[Licensing::Client] Error: HandshakeResponse reported an error:
	ResponseCode: 505
	ResponseStatus: Unsupported protocol version '1.18.1'.
[Licensing::Module] Error: Failed to handshake to channel: "LicenseClient-saulo"
[Licensing::IpcConnector] LicenseClient-saulo channel disconnected successfully.
[Licensing::IpcConnector] Successfully connected to: "LicenseClient-saulo-6000.5.1" at "2026-08-13T14:29:16.7595695Z"
[Licensing::Client] Code 10 while verifying Licensing Client signature (process Id: 20508, path: "C:/Program Files/Unity/Hub/Editor/6000.5.1f1/Editor/Data/Resources/Licensing/Client/Unity.Licensing.Client.exe")
[Licensing::Module] LicensingClient has failed validation; ignoring
[Licensing::Client] Handshaking with LicensingClient:
  Version:                 1.18.1+9fbee8e
  Session Id:              848581dcc623493888591312d506eed5
  Correlation Id:          72b045839539bb9c59f0174dbe0684b0
  External correlation Id: 3146343700570277972
  Machine Id:              V3xl/KFzp8KB5h0c5OHsIFv/LLw=
[Licensing::Module] Successfully connected to LicensingClient on channel: "LicenseClient-saulo-6000.5.1" (connect: 0.00s, validation: 0.00s, handshake: 0.01s)
[Licensing::IpcConnector] Successfully connected to: "LicenseClient-saulo-6000.5.1-notifications" at "2026-08-13T14:29:16.773977Z"
[Licensing::Module] Licensing Background thread has ended after 0.82s
Registering precompiled unity dll's ...
Register platform support module: C:/Program Files/Unity/Hub/Editor/6000.5.1f1/Editor/Data/PlaybackEngines/WebGLSupport/UnityEditor.WebGL.Extensions.dll
Register platform support module: C:/Program Files/Unity/Hub/Editor/6000.5.1f1/Editor/Data/PlaybackEngines/MacStandaloneSupport/UnityEditor.OSXStandalone.Extensions.dll
Register platform support module: C:/Program Files/Unity/Hub/Editor/6000.5.1f1/Editor/Data/PlaybackEngines/WindowsStandaloneSupport/UnityEditor.WindowsStandalone.Extensions.dll
[Licensing::Client] Successfully resolved entitlement details
[Licensing::Module] License group:
  Id: 4674135502901-saulojorentij-UnityProStuXXXX
  Product: Unity Student
  Type: Assigned
  Expiration: 2026-10-25T14:28:37Z
Register platform support module: C:/Program Files/Unity/Hub/Editor/6000.5.1f1/Editor/Data/PlaybackEngines/MetroSupport/UnityEditor.UWP.Extensions.dll
Registered in 0.004930 seconds.
Native extension for UWP target not found
Native extension for WindowsStandalone target not found
Native extension for OSXStandalone target not found
Native extension for WebGL target not found
Package Manager log level set to [2]
[Package Manager] Failed to launch server process. Reason: Unity was launched with the -noUpm command-line argument
[Package Manager] Unable to send message (not connected to server process).
[Package Manager] Cannot connect to Unity Package Manager local server
ScheduleIndexationOnStartup MainProcess:False IndexOnStartup:True
Mono: successfully reloaded assembly
- Finished resetting the current domain, in  0.415 seconds
Domain Reload Profiling: 853ms
	BeginReloadAssembly (116ms)
	RebuildCommonClasses (4ms)
	RebuildNativeTypeToScriptingClass (12ms)
	initialDomainReloadingComplete (63ms)
	LoadAllAssembliesAndSetupDomain (241ms)
		LoadAssemblies (114ms)
		AnalyzeDomain (173ms)
			TypeCache.Refresh (171ms)
				TypeCache.ScanAssembly (158ms)
	FinalizeReload (417ms)
		SetupLoadedEditorAssemblies (0ms)
			InitializePlatformSupportModulesInManaged (115ms)
			BeforeProcessingInitializeOnLoad (77ms)
			ProcessInitializeOnLoadAttributes (84ms)
			ProcessInitializeOnLoadMethodAttributes (84ms)
Initializing Unity extensions:
[Licensing::Client] Successfully resolved entitlement details
========================================================================
Worker process is ready to serve import requests
Import Worker Mode flag is 0x00
Curl error 3: URL rejected: Malformed input to a URL function
Begin MonoManager ReloadAssembly
'Packages/com.unity.cinemachine/Editor/Obsolete/CinemachineVirtualCameraBaseEditor.cs' contains partial class of Unity.Object, exactly 1 of the partial classes needs to be in a file with the same filename. This is to know the one that can be referenced from ie. GameObjects
'Packages/com.unity.cinemachine/Editor/Editors/CinemachineVirtualCameraBaseEditor.cs' contains partial class of Unity.Object, exactly 1 of the partial classes needs to be in a file with the same filename. This is to know the one that can be referenced from ie. GameObjects
Refreshing native plugins compatible for Editor in 2.30 ms, found 4 plugins.
Native extension for UWP target not found
Native extension for WindowsStandalone target not found
Native extension for OSXStandalone target not found
Native extension for WebGL target not found
[Package Manager] Failed to launch server process. Reason: Unity was launched with the -noUpm command-line argument
[Package Manager] Unable to send message (not connected to server process).
[Package Manager] Cannot connect to Unity Package Manager local server
[Package Manager] Failed to launch server process. Reason: Unity was launched with the -noUpm command-line argument
[Package Manager] Unable to send message (not connected to server process).
[Package Manager] Cannot connect to Unity Package Manager local server
[Package Manager] Failed to launch server process. Reason: Unity was launched with the -noUpm command-line argument
[Package Manager] Unable to send message (not connected to server process).
[Package Manager] Cannot connect to Unity Package Manager local server
Refreshing native plugins compatible for Editor in 4.11 ms, found 4 plugins.
ScheduleIndexationOnStartup MainProcess:False IndexOnStartup:True
Mono: successfully reloaded assembly
- Finished resetting the current domain, in  1.503 seconds
Domain Reload Profiling: 2423ms
	BeginReloadAssembly (167ms)
		DisableScriptedObjects (4ms)
		CreateAndSetChildDomain (27ms)
	RebuildCommonClasses (7ms)
	RebuildNativeTypeToScriptingClass (12ms)
	initialDomainReloadingComplete (52ms)
	LoadAllAssembliesAndSetupDomain (681ms)
		LoadAssemblies (364ms)
		AnalyzeDomain (305ms)
			TypeCache.Refresh (222ms)
				TypeCache.ScanAssembly (199ms)
			BuildScriptInfoCaches (74ms)
			ResolveRequiredComponents (7ms)
	FinalizeReload (1504ms)
		SetupLoadedEditorAssemblies (0ms)
			InitializePlatformSupportModulesInManaged (16ms)
			BeforeProcessingInitializeOnLoad (122ms)
			ProcessInitializeOnLoadAttributes (471ms)
			ProcessInitializeOnLoadMethodAttributes (613ms)
			AfterProcessingInitializeOnLoad (12ms)
		AwakeInstancesAfterBackupRestoration (4ms)
AcceleratorClientConnectionCallback - disconnected - :0
Launched and connected shader compiler UnityShaderCompiler.exe after 0.93 seconds
Refreshing native plugins compatible for Editor in 2.66 ms, found 4 plugins.
Unloading 25 Unused Serialized files (Serialized files now loaded: 0)
Unloading 7951 unused Assets / (8.6 MB). Loaded Objects now: 9027.
Memory consumption went from 452.2 MB to 443.5 MB.
Total: 26.191500 ms (FindLiveObjects: 2.581200 ms CreateObjectMapping: 3.649600 ms MarkObjects: 13.819500 ms  DeleteObjects: 4.648200 ms)

Curl error 3: URL rejected: Malformed input to a URL function
========================================================================
Received Prepare
AcceleratorClientConnectionCallback - disconnected - :0
Refreshing native plugins compatible for Editor in 4.66 ms, found 4 plugins.
Unloading 20 Unused Serialized files (Serialized files now loaded: 0)
Unloading 20 unused Assets / (3.2 MB). Loaded Objects now: 9027.
Memory consumption went from 443.3 MB to 440.1 MB.
Total: 9.897000 ms (FindLiveObjects: 0.696400 ms CreateObjectMapping: 1.195800 ms MarkObjects: 7.534100 ms  DeleteObjects: 0.469400 ms)

Prepare: number of updated asset objects reloaded= 0
========================================================================
Received Import Request.
  Time of request: 2026-08-13T14:30:04.0089984Z
  Time since last request: 64423.99482819999685 seconds.
  importAddress: GUID: b7ad54f727dbaea4a877d4977e9cc97b - Path: Assets/Materials/Boiler/M_BoilerWaterDrum.mat - Importer: ScriptedImporter/UnityEditor.QuickSearchModule:UnityEditor.Search:ASIAI0B
Importing 'GUID: b7ad54f727dbaea4a877d4977e9cc97b - Path: Assets/Materials/Boiler/M_BoilerWaterDrum.mat - Importer: ScriptedImporter/UnityEditor.QuickSearchModule:UnityEditor.Search:ASIAI0B' with importer (ScriptedImporter : UnityEditor.QuickSearchModule:UnityEditor.Search:ASIAI0B)
Imported 'GUID: b7ad54f727dbaea4a877d4977e9cc97b' -> (Import Result ID: '0d05b93657b9d0ec146a3cae8f06f0f0') in 0.149 seconds [static and dynamic dependencies]. Details - ImportResultOutputID=fb9cc0547dc93f8b3b8405d0318b0f39 DependenciesID=bfd11f0a918f69c94f0785c98be7f4b5 StaticDependenciesID=602d84d94bc18d6f5d196690b409aee8 
Number of updated asset objects reloaded before import = 0
Number of asset objects unloaded after import = 1
========================================================================
Received Import Request.
  Time of request: 2026-08-13T14:30:04.40543Z
  Time since last request: 0.0003564 seconds.
  importAddress: GUID: 9b79316e138182449898f5a6aca946f2 - Path: Assets/Shaders/Boiler/SG_BoilerWaterVolume.shadergraph - Importer: ScriptedImporter/UnityEditor.QuickSearchModule:UnityEditor.Search:ASIAI0B
Importing 'GUID: 9b79316e138182449898f5a6aca946f2 - Path: Assets/Shaders/Boiler/SG_BoilerWaterVolume.shadergraph - Importer: ScriptedImporter/UnityEditor.QuickSearchModule:UnityEditor.Search:ASIAI0B' with importer (ScriptedImporter : UnityEditor.QuickSearchModule:UnityEditor.Search:ASIAI0B)
Imported 'GUID: 9b79316e138182449898f5a6aca946f2' -> (Import Result ID: 'da3671e9e194b2fc0f9e4247961d1916') in 0.073 seconds [static and dynamic dependencies]. Details - ImportResultOutputID=c4342eb0eaaa3a790544e7d39b71cac9 DependenciesID=861cf879c33549fcfcc0bc00c97b1989 StaticDependenciesID=968adc8a412296c8cba3451194ce3370 
Number of updated asset objects reloaded before import = 0
Number of asset objects unloaded after import = 3
========================================================================
Received Import Request.
  Time of request: 2026-08-13T14:30:04.50777Z
  Time since last request: 0.0002737 seconds.
  importAddress: GUID: 460413cec7ffcbc40a1e44a530fb670a - Path: Assets/Scenes/MathTest.unity - Importer: ScriptedImporter/UnityEditor.QuickSearchModule:UnityEditor.Search:ASIAI0B
Importing 'GUID: 460413cec7ffcbc40a1e44a530fb670a - Path: Assets/Scenes/MathTest.unity - Importer: ScriptedImporter/UnityEditor.QuickSearchModule:UnityEditor.Search:ASIAI0B' with importer (ScriptedImporter : UnityEditor.QuickSearchModule:UnityEditor.Search:ASIAI0B)
Imported 'GUID: 460413cec7ffcbc40a1e44a530fb670a' -> (Import Result ID: '969d33f085864f9f07ac7af855778a87') in 0.007 seconds [static and dynamic dependencies]. Details - ImportResultOutputID=79d0e4aaffa5c8b48030533c168bec37 DependenciesID=90d03e1bc395c642fbcdf026869a9b77 StaticDependenciesID=16d0638015968f98c5346ac8c0f7db01 
Number of updated asset objects reloaded before import = 0
Number of asset objects unloaded after import = 1
========================================================================
Received Import Request.
  Time of request: 2026-08-13T14:30:38.2188785Z
  Time since last request: 33.6804702 seconds.
  importAddress: GUID: 9b79316e138182449898f5a6aca946f2 - Path: Assets/Shaders/Boiler/SG_BoilerWaterVolume.shadergraph - Importer: PreviewImporter
Importing 'GUID: 9b79316e138182449898f5a6aca946f2 - Path: Assets/Shaders/Boiler/SG_BoilerWaterVolume.shadergraph - Importer: PreviewImporter' with importer (PreviewImporter)
Imported 'GUID: 9b79316e138182449898f5a6aca946f2' -> (Import Result ID: '0744acb4aee1fa4307c87134759e44fc') in 158.544 seconds [static and dynamic dependencies]. Details - ImportResultOutputID=f0a1bfc4e2d2ca9f630725e27896552e DependenciesID=84ce9c209c1a0b0e822dd942f98600cf StaticDependenciesID=a195cf9e3b7283f7f53c151a06e4f242 
Number of updated asset objects reloaded before import = 0
Number of asset objects unloaded after import = 3
========================================================================
Received Prepare
AcceleratorClientConnectionCallback - disconnected - :0
Unloading 20 Unused Serialized files (Serialized files now loaded: 0)
Unloading 20 unused Assets / (3.2 MB). Loaded Objects now: 9390.
Memory consumption went from 0.53 GB to 0.52 GB.
Total: 23.851000 ms (FindLiveObjects: 9.638700 ms CreateObjectMapping: 1.368500 ms MarkObjects: 12.424000 ms  DeleteObjects: 0.418100 ms)

Prepare: number of updated asset objects reloaded= 1
========================================================================
Received Import Request.
  Time of request: 2026-08-13T14:37:50.2044016Z
  Time since last request: 273.41692449999999 seconds.
  importAddress: GUID: 9b79316e138182449898f5a6aca946f2 - Path: Assets/Shaders/Boiler/SG_BoilerWaterVolume.shadergraph - Importer: PreviewImporter
Importing 'GUID: 9b79316e138182449898f5a6aca946f2 - Path: Assets/Shaders/Boiler/SG_BoilerWaterVolume.shadergraph - Importer: PreviewImporter' with importer (PreviewImporter)
Imported 'GUID: 9b79316e138182449898f5a6aca946f2' -> (Import Result ID: 'b9e1b2e32b7e4795a94ef96dffb5f861') in 7.110 seconds [static and dynamic dependencies]. Details - ImportResultOutputID=612db22a74bf12b0f59dd6b927ec414e DependenciesID=7581619eb4b4117396ec491f0e420553 StaticDependenciesID=a0c787a499416cd7a15783da28c549f7 
Number of updated asset objects reloaded before import = 0
Number of asset objects unloaded after import = 1
========================================================================
Received Import Request.
  Time of request: 2026-08-13T14:38:19.7348232Z
  Time since last request: 22.3931505 seconds.
  importAddress: GUID: 9b79316e138182449898f5a6aca946f2 - Path: Assets/Shaders/Boiler/SG_BoilerWaterVolume.shadergraph - Importer: ScriptedImporter/UnityEditor.QuickSearchModule:UnityEditor.Search:ASIAI0B
Importing 'GUID: 9b79316e138182449898f5a6aca946f2 - Path: Assets/Shaders/Boiler/SG_BoilerWaterVolume.shadergraph - Importer: ScriptedImporter/UnityEditor.QuickSearchModule:UnityEditor.Search:ASIAI0B' with importer (ScriptedImporter : UnityEditor.QuickSearchModule:UnityEditor.Search:ASIAI0B)
Imported 'GUID: 9b79316e138182449898f5a6aca946f2' -> (Import Result ID: 'd460c22b7e3c9034fc3af7c2661068a3') in 0.009 seconds [static and dynamic dependencies]. Details - ImportResultOutputID=c81a0472bc78aa1bf0dba5b54d8e7f4a DependenciesID=24f359b8ec815af37bbf30014fdfef03 StaticDependenciesID=cc22d373fc5b5ded98dce37b181c08a6 
Number of updated asset objects reloaded before import = 1
Number of asset objects unloaded after import = 3
========================================================================
Received Import Request.
  Time of request: 2026-08-13T14:39:09.4639544Z
  Time since last request: 49.6972811 seconds.
  importAddress: GUID: 16dbac556be7c00448dd113d83bf05e1 - Path: Packages/com.unity.visualeffectgraph/ShaderGraph/VFXDefault.shadergraph - Importer: PreviewImporter
Importing 'GUID: 16dbac556be7c00448dd113d83bf05e1 - Path: Packages/com.unity.visualeffectgraph/ShaderGraph/VFXDefault.shadergraph - Importer: PreviewImporter' with importer (PreviewImporter)
Imported 'GUID: 16dbac556be7c00448dd113d83bf05e1' -> (Import Result ID: '0aef79acbafa3b6b35c763ea457e1595') in 0.663 seconds [static and dynamic dependencies]. Details - ImportResultOutputID=d4ff6438c3876bb3197c6943d4e50d4c DependenciesID=8c2231bb27d50e57241ae460be1ef0af StaticDependenciesID=133f52214e8dd76c01ecd215cd83a518 
Number of updated asset objects reloaded before import = 0
Number of asset objects unloaded after import = 4
========================================================================
Received Import Request.
  Time of request: 2026-08-13T14:39:10.1634425Z
  Time since last request: 0.0112902 seconds.
  importAddress: GUID: 17399726d9220c94ea7d2ad3f528079f - Path: Packages/com.unity.render-pipelines.high-definition/Editor/SceneTemplates/Materials/White.mat - Importer: PreviewImporter
Importing 'GUID: 17399726d9220c94ea7d2ad3f528079f - Path: Packages/com.unity.render-pipelines.high-definition/Editor/SceneTemplates/Materials/White.mat - Importer: PreviewImporter' with importer (PreviewImporter)
Imported 'GUID: 17399726d9220c94ea7d2ad3f528079f' -> (Import Result ID: '6c476596a481f39cf7dee1026052b8e6') in 0.042 seconds [static and dynamic dependencies]. Details - ImportResultOutputID=ef91f91729e3d4a8e8efdcef50191223 DependenciesID=bf153678a4a9e57129a32f2e760b58bb StaticDependenciesID=d2376e98db868e2c4bdae805d6e32465 
Number of updated asset objects reloaded before import = 0
Number of asset objects unloaded after import = 1
========================================================================
Received Import Request.
  Time of request: 2026-08-13T14:39:10.2362505Z
  Time since last request: 0.0062862 seconds.
  importAddress: GUID: 9f1661ed5b4d6ee4685ad5683b09a903 - Path: Packages/com.unity.render-pipelines.high-definition/Runtime/RenderPipelineResources/ShaderGraph/Water Decal Sample.shadergraph - Importer: PreviewImporter
Importing 'GUID: 9f1661ed5b4d6ee4685ad5683b09a903 - Path: Packages/com.unity.render-pipelines.high-definition/Runtime/RenderPipelineResources/ShaderGraph/Water Decal Sample.shadergraph - Importer: PreviewImporter' with importer (PreviewImporter)
Imported 'GUID: 9f1661ed5b4d6ee4685ad5683b09a903' -> (Import Result ID: '2473da13e8182590b87f5863bf47087e') in 0.238 seconds [static and dynamic dependencies]. Details - ImportResultOutputID=d2e8824e4c67a35f643673bb17d33365 DependenciesID=f60abda7e31f61e08d487e262368e6e7 StaticDependenciesID=015757a69eb9fc7eb83a7ceb0f5748bc 
Number of updated asset objects reloaded before import = 0
Number of asset objects unloaded after import = 2
========================================================================
Received Import Request.
  Time of request: 2026-08-13T14:39:10.502582Z
  Time since last request: 0.0021148 seconds.
  importAddress: GUID: d98987e814cb3fb4d96165f8c1b90944 - Path: Packages/com.unity.visualeffectgraph/ShaderGraph/VFXErrorFallback.shadergraph - Importer: PreviewImporter
Importing 'GUID: d98987e814cb3fb4d96165f8c1b90944 - Path: Packages/com.unity.visualeffectgraph/ShaderGraph/VFXErrorFallback.shadergraph - Importer: PreviewImporter' with importer (PreviewImporter)
Imported 'GUID: d98987e814cb3fb4d96165f8c1b90944' -> (Import Result ID: '5b3d6f661ce338c41185f91d7e3418d1') in 0.460 seconds [static and dynamic dependencies]. Details - ImportResultOutputID=d2e6ab6a4beeaf05633355a9b6f5612c DependenciesID=a2e14128180219304144b6b28db6099f StaticDependenciesID=363dc7589c3e3ac177a4eea124d51dcd 
Number of updated asset objects reloaded before import = 0
Number of asset objects unloaded after import = 3
========================================================================
Received Import Request.
  Time of request: 2026-08-13T14:39:10.9995277Z
  Time since last request: 0.006766 seconds.
  importAddress: GUID: 3fda5e465882bec4d8e64161b681806c - Path: Packages/com.unity.render-pipelines.high-definition/Runtime/RenderPipelineResources/ShaderGraph/Water.shadergraph - Importer: PreviewImporter
Importing 'GUID: 3fda5e465882bec4d8e64161b681806c - Path: Packages/com.unity.render-pipelines.high-definition/Runtime/RenderPipelineResources/ShaderGraph/Water.shadergraph - Importer: PreviewImporter' with importer (PreviewImporter)
Imported 'GUID: 3fda5e465882bec4d8e64161b681806c' -> (Import Result ID: '4efe924cb2050059cbae953a7de7819d') in 0.034 seconds [static and dynamic dependencies]. Details - ImportResultOutputID=5fc2e9106895022f08319c7d64b4df4a DependenciesID=d8aa13a3c9429538b5d962a7e8a3ca44 StaticDependenciesID=da53e1cc97542719776797747410773c 
Number of updated asset objects reloaded before import = 0
Number of asset objects unloaded after import = 2
========================================================================
Received Import Request.
  Time of request: 2026-08-13T14:39:11.0614932Z
  Time since last request: 0.0016894 seconds.
  importAddress: GUID: 7e2c0d424490bfc4698c37245b8c63ed - Path: Packages/com.unity.render-pipelines.high-definition/Runtime/RenderPipelineResources/ShaderGraph/Water Decal.shadergraph - Importer: PreviewImporter
Importing 'GUID: 7e2c0d424490bfc4698c37245b8c63ed - Path: Packages/com.unity.render-pipelines.high-definition/Runtime/RenderPipelineResources/ShaderGraph/Water Decal.shadergraph - Importer: PreviewImporter' with importer (PreviewImporter)
Imported 'GUID: 7e2c0d424490bfc4698c37245b8c63ed' -> (Import Result ID: '097b7002862f1f8d0e012079c199f53e') in 0.094 seconds [static and dynamic dependencies]. Details - ImportResultOutputID=688009446b057dd68e85af05abb94632 DependenciesID=1db2b59998b03275df46c714b892a3da StaticDependenciesID=327ec3e5128e5f024de3e8a744ea0b2c 
Number of updated asset objects reloaded before import = 0
Number of asset objects unloaded after import = 2
========================================================================
Received Import Request.
  Time of request: 2026-08-13T14:39:11.5243318Z
  Time since last request: 0.3437898 seconds.
  importAddress: GUID: b28fa67a0ff82c5478f27368dc627683 - Path: Packages/com.unity.render-pipelines.core/Runtime/RenderPipelineResources/Mesh/SamplesFixture.fbx - Importer: PreviewImporter
Importing 'GUID: b28fa67a0ff82c5478f27368dc627683 - Path: Packages/com.unity.render-pipelines.core/Runtime/RenderPipelineResources/Mesh/SamplesFixture.fbx - Importer: PreviewImporter' with importer (PreviewImporter)
Imported 'GUID: b28fa67a0ff82c5478f27368dc627683' -> (Import Result ID: '1e41a9de3899c3dd8ff7c31479c1e9b4') in 0.213 seconds [static and dynamic dependencies]. Details - ImportResultOutputID=7642d382f486c1ec916e09d5096e5fad DependenciesID=ec1fa4a8c19d5fbed5dc5921cd350068 StaticDependenciesID=d8df7ffe1d69acc39939bd8e7ae45ba0 
Number of updated asset objects reloaded before import = 0
Number of asset objects unloaded after import = 9
========================================================================
Received Import Request.
  Time of request: 2026-08-13T14:39:11.7652288Z
  Time since last request: 0.000904 seconds.
  importAddress: GUID: e518719392f795d41a399e3b0c07d041 - Path: Packages/com.unity.render-pipelines.high-definition/Runtime/RenderPipelineResources/Material/MaterialBall12.mat - Importer: PreviewImporter
Importing 'GUID: e518719392f795d41a399e3b0c07d041 - Path: Packages/com.unity.render-pipelines.high-definition/Runtime/RenderPipelineResources/Material/MaterialBall12.mat - Importer: PreviewImporter' with importer (PreviewImporter)
Imported 'GUID: e518719392f795d41a399e3b0c07d041' -> (Import Result ID: '7f00972a7be8ac3210e5e9df7b98f904') in 0.016 seconds [static and dynamic dependencies]. Details - ImportResultOutputID=f35bf6c60d10f5e79943ab0fa83fb76b DependenciesID=23d74deedfaf6608cdd40b5c288778e4 StaticDependenciesID=3f525801b217cc86f21d5f38d25db9a9 
Number of updated asset objects reloaded before import = 0
Number of asset objects unloaded after import = 1
========================================================================
Received Import Request.
  Time of request: 2026-08-13T14:39:11.8090905Z
  Time since last request: 0.0026068 seconds.
  importAddress: GUID: 386f85bf34e029e46b6d1f521cb0602b - Path: Packages/com.unity.render-pipelines.high-definition/Editor/SceneTemplates/Materials/Metal_Black.mat - Importer: PreviewImporter
Importing 'GUID: 386f85bf34e029e46b6d1f521cb0602b - Path: Packages/com.unity.render-pipelines.high-definition/Editor/SceneTemplates/Materials/Metal_Black.mat - Importer: PreviewImporter' with importer (PreviewImporter)
Imported 'GUID: 386f85bf34e029e46b6d1f521cb0602b' -> (Import Result ID: 'ebd41ff34e1f20c8e37799349446894d') in 0.014 seconds [static and dynamic dependencies]. Details - ImportResultOutputID=caa6df8967d5ffee71b3e554da8e694d DependenciesID=b4d0e62a55833b5de792e414af55717a StaticDependenciesID=c7656e8ea0e30d1890cbc65c6f5eee94 
Number of updated asset objects reloaded before import = 0
Number of asset objects unloaded after import = 1
========================================================================
Received Import Request.
  Time of request: 2026-08-13T14:39:11.853458Z
  Time since last request: 0.0026264 seconds.
  importAddress: GUID: dd02eefcff4bab8449658960ece2b55c - Path: Packages/com.unity.render-pipelines.high-definition/Runtime/RenderPipelineResources/ShaderGraph/Terrain Standard 8 Layers.shadergraph - Importer: PreviewImporter
Importing 'GUID: dd02eefcff4bab8449658960ece2b55c - Path: Packages/com.unity.render-pipelines.high-definition/Runtime/RenderPipelineResources/ShaderGraph/Terrain Standard 8 Layers.shadergraph - Importer: PreviewImporter' with importer (PreviewImporter)
Imported 'GUID: dd02eefcff4bab8449658960ece2b55c' -> (Import Result ID: 'b4110d490e10e2bcc22ba77c89d4853e') in 0.870 seconds [static and dynamic dependencies]. Details - ImportResultOutputID=e8702fff02870ba33e0230b6bd492291 DependenciesID=cd461d58d1980ba88bb123db53fb9258 StaticDependenciesID=e2dc7299fc72f8091937fa4d69fcad16 
Number of updated asset objects reloaded before import = 0
Number of asset objects unloaded after import = 3
========================================================================
Received Import Request.
  Time of request: 2026-08-13T14:39:12.8330103Z
  Time since last request: 0.0811704 seconds.
  importAddress: GUID: 384d88ff5b296a44b89f1fb2d4442c01 - Path: Packages/com.unity.render-pipelines.high-definition/Runtime/RenderPipelineResources/ShaderGraph/Hair.shadergraph - Importer: PreviewImporter
Importing 'GUID: 384d88ff5b296a44b89f1fb2d4442c01 - Path: Packages/com.unity.render-pipelines.high-definition/Runtime/RenderPipelineResources/ShaderGraph/Hair.shadergraph - Importer: PreviewImporter' with importer (PreviewImporter)
Imported 'GUID: 384d88ff5b296a44b89f1fb2d4442c01' -> (Import Result ID: '7047c8810a1ceb7471761576f8680f0e') in 18.592 seconds [static and dynamic dependencies]. Details - ImportResultOutputID=e630298908934c5cb90b520d7c84be96 DependenciesID=f0c290d0b7c917ae4a10034c1f55313a StaticDependenciesID=63b18fbfc9060c9ed0a59230e118b837 
Number of updated asset objects reloaded before import = 0
Number of asset objects unloaded after import = 2
========================================================================
Received Import Request.
  Time of request: 2026-08-13T14:39:31.4575049Z
  Time since last request: 0.0091469 seconds.
  importAddress: GUID: 57281877c54abf74f990563fcd006765 - Path: Packages/com.unity.render-pipelines.high-definition/Runtime/Tools/ColorChecker/ColorCheckerShader.shadergraph - Importer: PreviewImporter
Importing 'GUID: 57281877c54abf74f990563fcd006765 - Path: Packages/com.unity.render-pipelines.high-definition/Runtime/Tools/ColorChecker/ColorCheckerShader.shadergraph - Importer: PreviewImporter' with importer (PreviewImporter)
Imported 'GUID: 57281877c54abf74f990563fcd006765' -> (Import Result ID: '5dea555ba58961f5841adecfbac3d072') in 0.911 seconds [static and dynamic dependencies]. Details - ImportResultOutputID=450add2d53acc2574d2d80c4f60374cf DependenciesID=c21af3bd95e4a470085f9899613a7ec4 StaticDependenciesID=05f20a81166c6b2b62e0c74bde73502b 
Number of updated asset objects reloaded before import = 0
Number of asset objects unloaded after import = 2
========================================================================
Received Import Request.
  Time of request: 2026-08-13T14:39:32.4007291Z
  Time since last request: 0.0066113 seconds.
  importAddress: GUID: accb6d90f0d50fe4ca0f68159b4323de - Path: Packages/com.unity.render-pipelines.high-definition/Runtime/RenderPipelineResources/Mesh/Cylinder.fbx - Importer: PreviewImporter
Importing 'GUID: accb6d90f0d50fe4ca0f68159b4323de - Path: Packages/com.unity.render-pipelines.high-definition/Runtime/RenderPipelineResources/Mesh/Cylinder.fbx - Importer: PreviewImporter' with importer (PreviewImporter)
Imported 'GUID: accb6d90f0d50fe4ca0f68159b4323de' -> (Import Result ID: '9acb1ac5d968ca013bbf170b74ff315c') in 0.188 seconds [static and dynamic dependencies]. Details - ImportResultOutputID=796edaef92fbe88576c6563579785cac DependenciesID=7b0f574fca1b3eff29663d78099192ea StaticDependenciesID=2d2f46631b9c7bae88229885463d676c 
Number of updated asset objects reloaded before import = 0
Number of asset objects unloaded after import = 8
========================================================================
Received Import Request.
  Time of request: 2026-08-13T14:39:32.6248364Z
  Time since last request: 0.0047336 seconds.
  importAddress: GUID: 1d5a8595286f94f4bb54171d49f473c3 - Path: Packages/com.unity.render-pipelines.high-definition/Runtime/RenderPipelineResources/Mesh/Quad.fbx - Importer: PreviewImporter
Importing 'GUID: 1d5a8595286f94f4bb54171d49f473c3 - Path: Packages/com.unity.render-pipelines.high-definition/Runtime/RenderPipelineResources/Mesh/Quad.fbx - Importer: PreviewImporter' with importer (PreviewImporter)
Imported 'GUID: 1d5a8595286f94f4bb54171d49f473c3' -> (Import Result ID: '586c3ff83838a540e90a4cce92770639') in 0.204 seconds [static and dynamic dependencies]. Details - ImportResultOutputID=174b0a98eee980a465de07c2e059370b DependenciesID=639fd2c3f9af3f370e2e9481f86ef762 StaticDependenciesID=841b603a51d84d1d378ebf37f598b65a 
Number of updated asset objects reloaded before import = 0
Number of asset objects unloaded after import = 8
========================================================================
Received Import Request.
  Time of request: 2026-08-13T14:39:32.8587696Z
  Time since last request: 0.0025428 seconds.
  importAddress: GUID: def488a52add6574d9f295a507032cb8 - Path: Packages/com.unity.shadergraph/GraphTemplates/Cross Pipeline/Terrain Simple.shadergraph - Importer: PreviewImporter
Importing 'GUID: def488a52add6574d9f295a507032cb8 - Path: Packages/com.unity.shadergraph/GraphTemplates/Cross Pipeline/Terrain Simple.shadergraph - Importer: PreviewImporter' with importer (PreviewImporter)
Imported 'GUID: def488a52add6574d9f295a507032cb8' -> (Import Result ID: '905c18d8183e3402f3d0b624a43e34df') in 0.642 seconds [static and dynamic dependencies]. Details - ImportResultOutputID=d6ad81aa2eddfe785f044c22c9c451e3 DependenciesID=5933520a91e913c3512f1bf36e7148f1 StaticDependenciesID=612fc20ab30de98c0b3db01217eb922b 
Number of updated asset objects reloaded before import = 0
Number of asset objects unloaded after import = 3
========================================================================
Received Import Request.
  Time of request: 2026-08-13T14:39:33.5356164Z
  Time since last request: 0.0058179 seconds.
  importAddress: GUID: ef5f65c980e25304098a95e28f3bd20b - Path: Packages/com.unity.render-pipelines.high-definition/Runtime/RenderPipelineResources/Material/AreaLightViewer.mat - Importer: PreviewImporter
Importing 'GUID: ef5f65c980e25304098a95e28f3bd20b - Path: Packages/com.unity.render-pipelines.high-definition/Runtime/RenderPipelineResources/Material/AreaLightViewer.mat - Importer: PreviewImporter' with importer (PreviewImporter)
Imported 'GUID: ef5f65c980e25304098a95e28f3bd20b' -> (Import Result ID: '8f12208b4cb1a23f477c67f717f1c6e0') in 0.405 seconds [static and dynamic dependencies]. Details - ImportResultOutputID=2609aba74735cab904c65c929b60a368 DependenciesID=b1ef388dd4f8aac84f8b9654b63d904b StaticDependenciesID=f48dc9d565fa60222cb0008d6161970e 
Number of updated asset objects reloaded before import = 0
Number of asset objects unloaded after import = 0
========================================================================
Received Import Request.
  Time of request: 2026-08-13T14:39:33.9708168Z
  Time since last request: 0.0028656 seconds.
  importAddress: GUID: 5a4a765e921b8554eb959f7cf697b3be - Path: Packages/com.unity.shadergraph/GraphTemplates/Cross Pipeline/UGUI Canvas Basic.shadergraph - Importer: PreviewImporter
Importing 'GUID: 5a4a765e921b8554eb959f7cf697b3be - Path: Packages/com.unity.shadergraph/GraphTemplates/Cross Pipeline/UGUI Canvas Basic.shadergraph - Importer: PreviewImporter' with importer (PreviewImporter)
Imported 'GUID: 5a4a765e921b8554eb959f7cf697b3be' -> (Import Result ID: '2ac8df7134a7f37c251fcbf826333093') in 1.093 seconds [static and dynamic dependencies]. Details - ImportResultOutputID=f4cf47097f0738b646ffdde14534ae39 DependenciesID=9da04539604ec2f516cbd298ccb8326a StaticDependenciesID=439715216a3b34c6178c9e8c76e99d7a 
Number of updated asset objects reloaded before import = 0
Number of asset objects unloaded after import = 2
========================================================================
Received Import Request.
  Time of request: 2026-08-13T14:39:35.0987393Z
  Time since last request: 0.0053633 seconds.
  importAddress: GUID: 02532cbb810fb404db49da84f1efe41e - Path: Packages/com.unity.render-pipelines.high-definition/Runtime/RenderPipelineResources/ShaderGraph/PhysicallyBasedSky.shadergraph - Importer: PreviewImporter
Importing 'GUID: 02532cbb810fb404db49da84f1efe41e - Path: Packages/com.unity.render-pipelines.high-definition/Runtime/RenderPipelineResources/ShaderGraph/PhysicallyBasedSky.shadergraph - Importer: PreviewImporter' with importer (PreviewImporter)
Imported 'GUID: 02532cbb810fb404db49da84f1efe41e' -> (Import Result ID: '1379dbc398fdc3ad43cd773ed9b77d45') in 0.501 seconds [static and dynamic dependencies]. Details - ImportResultOutputID=468c9c6bde882c02d58a35dafd86df62 DependenciesID=d70981faed0aa9d33391b7f817d76c7a StaticDependenciesID=6231b974d866f7686ab8d9b95220a1c8 
Number of updated asset objects reloaded before import = 0
Number of asset objects unloaded after import = 2
========================================================================
Received Import Request.
  Time of request: 2026-08-13T14:39:35.627596Z
  Time since last request: 0.0042621 seconds.
  importAddress: GUID: e8c371758f6cc484eb3d68c8632ea8fd - Path: Packages/com.unity.render-pipelines.high-definition/Runtime/RenderPipelineResources/ShaderGraph/Terrain Standard 4 Layers.shadergraph - Importer: PreviewImporter
Importing 'GUID: e8c371758f6cc484eb3d68c8632ea8fd - Path: Packages/com.unity.render-pipelines.high-definition/Runtime/RenderPipelineResources/ShaderGraph/Terrain Standard 4 Layers.shadergraph - Importer: PreviewImporter' with importer (PreviewImporter)
Imported 'GUID: e8c371758f6cc484eb3d68c8632ea8fd' -> (Import Result ID: 'ddabc9ef25e4e2cfce299b316de54397') in 1.351 seconds [static and dynamic dependencies]. Details - ImportResultOutputID=4653f101b4eff7a5138385cc645cdf4c DependenciesID=189496c3cd93fd122adf4b786e945154 StaticDependenciesID=1ccd1c022789b10ff8103ed0a85fde9f 
Number of updated asset objects reloaded before import = 0
Number of asset objects unloaded after import = 3
========================================================================
Received Import Request.
  Time of request: 2026-08-13T14:39:37.0526064Z
  Time since last request: 0.0521431 seconds.
  importAddress: GUID: 9e0af751bc36ea146940ba245193e28c - Path: Packages/com.unity.render-pipelines.high-definition/Runtime/RenderPipelineResources/Mesh/Sphere.fbx - Importer: PreviewImporter
Importing 'GUID: 9e0af751bc36ea146940ba245193e28c - Path: Packages/com.unity.render-pipelines.high-definition/Runtime/RenderPipelineResources/Mesh/Sphere.fbx - Importer: PreviewImporter' with importer (PreviewImporter)
Imported 'GUID: 9e0af751bc36ea146940ba245193e28c' -> (Import Result ID: '482619bc388f9391fc05e91e94a2d278') in 0.092 seconds [static and dynamic dependencies]. Details - ImportResultOutputID=64c6e876d70ed5386f950b9196272634 DependenciesID=36a4ba2c7f786d0e167810bfd23ba531 StaticDependenciesID=86fa1cdc02bdd3afbc5b6e6adb165f3b 
Number of updated asset objects reloaded before import = 0
Number of asset objects unloaded after import = 8
========================================================================
Received Import Request.
  Time of request: 2026-08-13T14:39:37.2133112Z
  Time since last request: 0.0015494 seconds.
  importAddress: GUID: 0e0d39f9d406bcc4a97af8edb345e957 - Path: Packages/com.unity.render-pipelines.high-definition/Runtime/RenderPipelineResources/Material/DefaultWaterMaterial.mat - Importer: PreviewImporter
Importing 'GUID: 0e0d39f9d406bcc4a97af8edb345e957 - Path: Packages/com.unity.render-pipelines.high-definition/Runtime/RenderPipelineResources/Material/DefaultWaterMaterial.mat - Importer: PreviewImporter' with importer (PreviewImporter)
Imported 'GUID: 0e0d39f9d406bcc4a97af8edb345e957' -> (Import Result ID: '947ffeace912816c9a7de15ea6945f0a') in 0.350 seconds [static and dynamic dependencies]. Details - ImportResultOutputID=eed1acfd8693046c58057bdafdca7882 DependenciesID=1521b34265d0bea263cd5caf2a5b19d9 StaticDependenciesID=d321473f921d970430775a5dc12d6eac 
Number of updated asset objects reloaded before import = 0
Number of asset objects unloaded after import = 2
========================================================================
Received Import Request.
  Time of request: 2026-08-13T14:39:37.5894688Z
  Time since last request: 0.003213 seconds.
  importAddress: GUID: bc94c50a74daa04489c96618e0dfab75 - Path: Packages/com.unity.render-pipelines.high-definition/Runtime/RenderPipelineResources/ShaderGraph/Fabric Silk.ShaderGraph - Importer: PreviewImporter
Importing 'GUID: bc94c50a74daa04489c96618e0dfab75 - Path: Packages/com.unity.render-pipelines.high-definition/Runtime/RenderPipelineResources/ShaderGraph/Fabric Silk.ShaderGraph - Importer: PreviewImporter' with importer (PreviewImporter)
Imported 'GUID: bc94c50a74daa04489c96618e0dfab75' -> (Import Result ID: '44668dc99af01b611c34d932b2527a64') in 8.687 seconds [static and dynamic dependencies]. Details - ImportResultOutputID=6ee4a9d907e7e547894a942c11562571 DependenciesID=190167439043f193d651707566ba57bd StaticDependenciesID=8e038500987c89496601620a560a6db1 
Number of updated asset objects reloaded before import = 0
Number of asset objects unloaded after import = 4
========================================================================
Received Import Request.
  Time of request: 2026-08-13T14:39:46.3061009Z
  Time since last request: 0.0043472 seconds.
  importAddress: GUID: 30af33a36f3369842aa8e5b6ff6e0e73 - Path: Packages/com.unity.render-pipelines.high-definition/Runtime/RenderPipelineResources/ShaderGraph/Hair Physical.shadergraph - Importer: PreviewImporter
Importing 'GUID: 30af33a36f3369842aa8e5b6ff6e0e73 - Path: Packages/com.unity.render-pipelines.high-definition/Runtime/RenderPipelineResources/ShaderGraph/Hair Physical.shadergraph - Importer: PreviewImporter' with importer (PreviewImporter)
Imported 'GUID: 30af33a36f3369842aa8e5b6ff6e0e73' -> (Import Result ID: 'f4244caee0dd4d35bf5e182e5a031d5c') in 12.303 seconds [static and dynamic dependencies]. Details - ImportResultOutputID=cfc43ddfeeca4979326c77484e8fb3ac DependenciesID=8c479381f7f303f66e16401b345acd10 StaticDependenciesID=6bb171b9996e9d217d172c5b056fdcef 
Number of updated asset objects reloaded before import = 0
Number of asset objects unloaded after import = 4
Editor requested this worker to shutdown with reason: Scaling down because of idle timeout
AcceleratorClientConnectionCallback - disconnected - :0
AssetImportWorker is now disconnected from the server
Process exiting
Exiting without the bug reporter. Application will terminate with return code 0