[Licensing::Module] Trying to connect to existing licensing client channel...
Built from '6000.5/staging' branch; Version is '6000.5.1f1 (0d9463e84828) revision 889955'; Using compiler version '194234433'; Build Type 'Release'
[Licensing::IpcConnector] Successfully connected to: "LicenseClient-saulo" at "2026-08-06T15:05:35.7068696Z"
OS: 'Windows 11  (10.0.26200) Professional' Language: 'pt' Physical Memory: 16167 MB
BatchMode: 0, IsHumanControllingUs: 1, StartBugReporterOnCrash: 1, Is64bit: 1
System  architecture: x64
Process architecture: x64
Date: 2026-08-06T15:05:35Z

COMMAND LINE ARGUMENTS:
C:\Program Files\Unity\Hub\Editor\6000.5.1f1\Editor\Unity.exe
-projectpath
C:\Projetos\IC_Proccess_Simulation
-acceptSoftwareTermsForThisRunOnly
-useHub
-hubIPC
-cloudEnvironment
production
-licensingIpc
LicenseClient-saulo
-hubSessionId
8f7074ba-f1fb-47f8-aea4-bff25066dd7c
-accessToken
CIIMQ28GhitJLbYVZz3wy5abeDjgA5AsJoiR2Fmh9tk004f
Successfully changed project path to: C:\Projetos\IC_Proccess_Simulation
C:/Projetos/IC_Proccess_Simulation
[UnityMemory] Configuration Parameters - Can be set up in boot.config
    "memorysetup-temp-allocator-size-gi-baking-worker=262144"
    "memorysetup-temp-allocator-size-gi-baking-worker=262144"
    "memorysetup-temp-allocator-size-gi-baking-worker=262144"
    "memorysetup-temp-allocator-size-gi-baking-worker=262144"
    "memorysetup-temp-allocator-size-gi-baking-worker=262144"
    "memorysetup-temp-allocator-size-nav-mesh-worker=65536"
    "memorysetup-temp-allocator-size-audio-worker=65536"
    "memorysetup-temp-allocator-size-cloud-worker=32768"
    "memorysetup-temp-allocator-size-gfx=262144"
    "memorysetup-temp-allocator-size-preload-manager=33554432"
    "memorysetup-allocator-temp-initial-block-size-main=262144"
    "memorysetup-allocator-temp-initial-block-size-worker=262144"
    "memorysetup-temp-allocator-size-job-worker=262144"
    "memorysetup-temp-allocator-size-background-worker=32768"
    "memorysetup-bucket-allocator-granularity=16"
    "memorysetup-bucket-allocator-bucket-count=8"
    "memorysetup-bucket-allocator-block-size=33554432"
    "memorysetup-bucket-allocator-block-count=8"
    "memorysetup-main-allocator-block-size=16777216"
    "memorysetup-thread-allocator-block-size=16777216"
    "memorysetup-main-allocator-mimalloc-enabled=0"
    "memorysetup-gfx-main-allocator-block-size=16777216"
    "memorysetup-gfx-thread-allocator-block-size=16777216"
    "memorysetup-cache-allocator-block-size=4194304"
    "memorysetup-typetree-allocator-block-size=2097152"
    "memorysetup-profiler-bucket-allocator-granularity=16"
    "memorysetup-profiler-bucket-allocator-bucket-count=8"
    "memorysetup-profiler-bucket-allocator-block-size=33554432"
    "memorysetup-profiler-bucket-allocator-block-count=8"
    "memorysetup-profiler-allocator-block-size=16777216"
    "memorysetup-profiler-editor-allocator-block-size=1048576"
    "memorysetup-temp-allocator-size-main=16777216"
    "memorysetup-job-temp-allocator-block-size=2097152"
    "memorysetup-job-temp-allocator-block-size-background=1048576"
    "memorysetup-job-temp-allocator-reduction-small-platforms=262144"
Player connection [19820]  Target information:

Player connection [19820]  * "[IP] 192.168.15.93 [Port] 55504 [Flags] 2 [Guid] 4246098135 [EditorId] 4246098135 [Version] 1048832 [Id] WindowsEditor(7,Saulo) [Debug] 1 [PackageName] WindowsEditor [ProjectName] Editor" 

Player connection [19820] Host joined multi-casting on [225.0.0.222:54997]...
Player connection [19820] Host joined alternative multi-casting on [225.0.0.222:34997]...
[Licensing::Client] Error: HandshakeResponse reported an error:
	ResponseCode: 505
	ResponseStatus: Unsupported protocol version '1.18.1'.
[Licensing::Module] Error: Failed to handshake to channel: "LicenseClient-saulo"
[Licensing::IpcConnector] LicenseClient-saulo channel disconnected successfully.
[Licensing::IpcConnector] Channel LicenseClient-saulo-6000.5.1 doesn't exist
Input System module state changed to: Initialized.
[Licensing::Module] Successfully launched the LicensingClient (PId: 8740)
[Physics::Module] Initialized fallback backend.
[Physics::Module] Id: 0xdecafbad
[Package Manager] Connected to IPC stream "Upm-32456" after 0.3 seconds.
[Licensing::Module] Licensing is not yet initialized.
Starting IPC server.
Waiting for clients to connect on \\.\pipe\Unity-LicenseClient-saulo-6000.5.1, press Ctrl-C to exit.
[Licensing::IpcConnector] Successfully connected to: "LicenseClient-saulo-6000.5.1" at "2026-08-06T15:05:41.2321556Z"
[Licensing::Client] Code 10 while verifying Licensing Client signature (process Id: 8740, path: "C:/Program Files/Unity/Hub/Editor/6000.5.1f1/Editor/Data/Resources/Licensing/Client/Unity.Licensing.Client.exe")
[Licensing::Module] LicensingClient has failed validation; ignoring
[Licensing::Client] Handshaking with LicensingClient:
  Version:                 1.18.1+9fbee8e
  Session Id:              1a3b80164df9495d9c6c71705e3b2866
  Correlation Id:          6a15942174c6467c6c1acb0426e2ad80
  External correlation Id: 5934587885969729493
  Machine Id:              V3xl/KFzp8KB5h0c5OHsIFv/LLw=
[Licensing::Module] Successfully connected to LicensingClient on channel: "LicenseClient-saulo-6000.5.1" (connect: 4.37s, validation: 0.53s, handshake: 0.04s)
[Licensing::IpcConnector] Successfully connected to: "LicenseClient-saulo-6000.5.1-notifications" at "2026-08-06T15:05:41.8068814Z"
[Licensing::Module] Connected to LicensingClient (PId: 8740, launch time: 0.03, total connection time: 4.94s)
[Licensing::Client] Successfully updated the access token
[Licensing::Module] Successfully updated the access token CIIMQ28Ghi...
[Licensing::Client] Successfully resolved entitlement details
[Licensing::Module] License group:
  Id: 4674135502901-saulojorentij-UnityProStuXXXX
  Product: Unity Student
  Type: Assigned
  Expiration: 2026-10-25T14:28:37Z
[Licensing::Client] Successfully updated license, isAsync: True, time: 0.01
[Licensing::Client] Successfully resolved entitlement details
[Licensing::Module] Licensing Background thread has ended after 6.12s
[Licensing::Module] Licensing is initialized (took 4.52s).
[Licensing::Client] Successfully resolved entitlement details
Library Redirect Path: Library/
[Physics::Module] Selected backend.
[Physics::Module] Name: PhysX
[Physics::Module] Id: 0xf2b8ea05
[Physics::Module] SDK Version: 4.1.2
[Physics::Module] Integration Version: 1.0.0
[Physics::Module] Threading Mode: Multi-Threaded
Artifact Garbage Collection - Removed 7 unused hashed content files
Initialize engine version: 6000.5.1f1 (0d9463e84828)
[Subsystems] Discovering subsystems at path C:/Program Files/Unity/Hub/Editor/6000.5.1f1/Editor/Data/Resources/UnitySubsystems
[Subsystems] Discovering subsystems at path C:/Projetos/IC_Proccess_Simulation/Assets
[D3D12 Device Filter] Vendor Name: NVIDIA
[D3D12 Device Filter] Device Name: NVIDIA GeForce RTX 4060 Ti
[D3D12 Device Filter] Driver Version: 32.0.16.1074
[D3D12 Device Filter] Feature Level: 12.2
[D3D12 Device Filter] Graphics Memory: 7949 MB
[D3D12 Device Filter] Processor Count: 24
[D3D12 Device Filter] Device Type: Discrete
GfxDevice: creating device client; kGfxThreadingModeSplitJobs
d3d12: failed to query info queue interface (0x80004002).
Direct3D:
    Version:         Direct3D 12 [level 12.2]
    Renderer:        NVIDIA GeForce RTX 4060 Ti (ID=0x2803)
    Vendor:          NVIDIA
    VRAM:            7949 MB
    App VRAM Budget: 7181 MB
    Driver:          32.0.16.1074
Initialize mono
Mono path[0] = 'C:/Program Files/Unity/Hub/Editor/6000.5.1f1/Editor/Data/Managed'
Mono path[1] = 'C:/Program Files/Unity/Hub/Editor/6000.5.1f1/Editor/Data/BCLExtensions/runtime/netstandard2.1'
Mono path[2] = 'C:/Program Files/Unity/Hub/Editor/6000.5.1f1/Editor/Data/MonoBleedingEdge/lib/mono/unityjit-win32'
Mono config path = 'C:/Program Files/Unity/Hub/Editor/6000.5.1f1/Editor/Data/MonoBleedingEdge/etc'
Using monoOptions --debugger-agent=transport=dt_socket,embedding=1,server=y,suspend=n,address=127.0.0.1:56456
CodeReloadManager initialized
ImportWorker Server TCP listen port: 0
AcceleratorClientConnectionCallback - disconnected - :0
Begin MonoManager ReloadAssembly
Registering precompiled unity dll's ...
Register platform support module: C:/Program Files/Unity/Hub/Editor/6000.5.1f1/Editor/Data/PlaybackEngines/WebGLSupport/UnityEditor.WebGL.Extensions.dll
Register platform support module: C:/Program Files/Unity/Hub/Editor/6000.5.1f1/Editor/Data/PlaybackEngines/MacStandaloneSupport/UnityEditor.OSXStandalone.Extensions.dll
Register platform support module: C:/Program Files/Unity/Hub/Editor/6000.5.1f1/Editor/Data/PlaybackEngines/WindowsStandaloneSupport/UnityEditor.WindowsStandalone.Extensions.dll
[Licensing::Client] Successfully resolved entitlement details
Register platform support module: C:/Program Files/Unity/Hub/Editor/6000.5.1f1/Editor/Data/PlaybackEngines/MetroSupport/UnityEditor.UWP.Extensions.dll
Registered in 0.602779 seconds.
Native extension for UWP target not found
Native extension for WindowsStandalone target not found
Native extension for OSXStandalone target not found
Native extension for WebGL target not found
Package Manager log level set to [2]
ScheduleIndexationOnStartup MainProcess:False IndexOnStartup:True
Mono: successfully reloaded assembly
- Finished resetting the current domain, in  0.505 seconds
Domain Reload Profiling: 3082ms
	BeginReloadAssembly (252ms)
		CreateAndSetChildDomain (10ms)
	RebuildCommonClasses (5ms)
	RebuildNativeTypeToScriptingClass (179ms)
	initialDomainReloadingComplete (764ms)
	LoadAllAssembliesAndSetupDomain (1375ms)
		LoadAssemblies (260ms)
		AnalyzeDomain (1283ms)
			TypeCache.Refresh (1281ms)
				TypeCache.ScanAssembly (1083ms)
	FinalizeReload (508ms)
		SetupLoadedEditorAssemblies (0ms)
			InitializePlatformSupportModulesInManaged (157ms)
			BeforeProcessingInitializeOnLoad (76ms)
			ProcessInitializeOnLoadAttributes (95ms)
			ProcessInitializeOnLoadMethodAttributes (122ms)
[Licensing::Client] Successfully resolved entitlement details
Application.AssetDatabase Initial Refresh Start
[Package Manager] Restoring resolved packages state from cache
[Licensing::Client] Successfully resolved entitlement details
[Package Manager] Registered 62 packages:
  Packages from [https://packages.unity.com]:
    com.unity.collab-proxy@2.12.4 (location: C:\Projetos\IC_Proccess_Simulation\Library\PackageCache\com.unity.collab-proxy@0b1559bcd34e)
    com.unity.inputsystem@1.19.0 (location: C:\Projetos\IC_Proccess_Simulation\Library\PackageCache\com.unity.inputsystem@21a28c3a6c83)
    com.unity.timeline@1.8.12 (location: C:\Projetos\IC_Proccess_Simulation\Library\PackageCache\com.unity.timeline@8cd8509afae5)
    com.unity.visualscripting@1.9.11 (location: C:\Projetos\IC_Proccess_Simulation\Library\PackageCache\com.unity.visualscripting@8bed5ad90189)
    com.unity.ide.visualstudio@2.0.26 (location: C:\Projetos\IC_Proccess_Simulation\Library\PackageCache\com.unity.ide.visualstudio@a99d56dec63f)
    com.unity.ide.rider@3.0.38 (location: C:\Projetos\IC_Proccess_Simulation\Library\PackageCache\com.unity.ide.rider@1f60b3138684)
    com.unity.editorcoroutines@1.1.0 (location: C:\Projetos\IC_Proccess_Simulation\Library\PackageCache\com.unity.editorcoroutines@87a15ed012c2)
    com.unity.performance.profile-analyzer@1.4.0 (location: C:\Projetos\IC_Proccess_Simulation\Library\PackageCache\com.unity.performance.profile-analyzer@2bb26871883c)
    com.unity.testtools.codecoverage@1.3.0 (location: C:\Projetos\IC_Proccess_Simulation\Library\PackageCache\com.unity.testtools.codecoverage@19a841221620)
    com.unity.searcher@4.9.4 (location: C:\Projetos\IC_Proccess_Simulation\Library\PackageCache\com.unity.searcher@d45a78918735)
    com.unity.burst@1.8.29 (location: C:\Projetos\IC_Proccess_Simulation\Library\PackageCache\com.unity.burst@6bb9aca3ef38)
    com.unity.settings-manager@2.1.1 (location: C:\Projetos\IC_Proccess_Simulation\Library\PackageCache\com.unity.settings-manager@0b8638c5ce86)
    com.unity.nuget.mono-cecil@1.11.6 (location: C:\Projetos\IC_Proccess_Simulation\Library\PackageCache\com.unity.nuget.mono-cecil@ecb9724e46ff)
    com.unity.test-framework.performance@3.5.0 (location: C:\Projetos\IC_Proccess_Simulation\Library\PackageCache\com.unity.test-framework.performance@8b56083ec0f0)
  Built-in packages:
    com.unity.feature.development@1.0.2 (location: C:\Projetos\IC_Proccess_Simulation\Library\PackageCache\com.unity.feature.development@767aadbc6eb7)
    com.unity.multiplayer.center@1.0.1 (location: C:\Projetos\IC_Proccess_Simulation\Library\PackageCache\com.unity.multiplayer.center@b860850997d0)
    com.unity.render-pipelines.high-definition@17.5.0 (location: C:\Projetos\IC_Proccess_Simulation\Library\PackageCache\com.unity.render-pipelines.high-definition@e2046ebe9d3f)
    com.unity.ugui@2.5.0 (location: C:\Projetos\IC_Proccess_Simulation\Library\PackageCache\com.unity.ugui@4f9b15fd1386)
    com.unity.modules.accessibility@1.0.0 (location: C:\Projetos\IC_Proccess_Simulation\Library\PackageCache\com.unity.modules.accessibility)
    com.unity.modules.adaptiveperformance@1.0.0 (location: C:\Projetos\IC_Proccess_Simulation\Library\PackageCache\com.unity.modules.adaptiveperformance)
    com.unity.modules.ai@1.0.0 (location: C:\Projetos\IC_Proccess_Simulation\Library\PackageCache\com.unity.modules.ai)
    com.unity.modules.androidjni@1.0.0 (location: C:\Projetos\IC_Proccess_Simulation\Library\PackageCache\com.unity.modules.androidjni)
    com.unity.modules.animation@1.0.0 (location: C:\Projetos\IC_Proccess_Simulation\Library\PackageCache\com.unity.modules.animation)
    com.unity.modules.assetbundle@1.0.0 (location: C:\Projetos\IC_Proccess_Simulation\Library\PackageCache\com.unity.modules.assetbundle)
    com.unity.modules.audio@1.0.0 (location: C:\Projetos\IC_Proccess_Simulation\Library\PackageCache\com.unity.modules.audio)
    com.unity.modules.cloth@1.0.0 (location: C:\Projetos\IC_Proccess_Simulation\Library\PackageCache\com.unity.modules.cloth)
    com.unity.modules.director@1.0.0 (location: C:\Projetos\IC_Proccess_Simulation\Library\PackageCache\com.unity.modules.director)
    com.unity.modules.imageconversion@1.0.0 (location: C:\Projetos\IC_Proccess_Simulation\Library\PackageCache\com.unity.modules.imageconversion)
    com.unity.modules.imgui@1.0.0 (location: C:\Projetos\IC_Proccess_Simulation\Library\PackageCache\com.unity.modules.imgui)
    com.unity.modules.jsonserialize@1.0.0 (location: C:\Projetos\IC_Proccess_Simulation\Library\PackageCache\com.unity.modules.jsonserialize)
    com.unity.modules.particlesystem@1.0.0 (location: C:\Projetos\IC_Proccess_Simulation\Library\PackageCache\com.unity.modules.particlesystem)
    com.unity.modules.physics@1.0.0 (location: C:\Projetos\IC_Proccess_Simulation\Library\PackageCache\com.unity.modules.physics)
    com.unity.modules.physics2d@1.0.0 (location: C:\Projetos\IC_Proccess_Simulation\Library\PackageCache\com.unity.modules.physics2d)
    com.unity.modules.physicscore2d@1.0.0 (location: C:\Projetos\IC_Proccess_Simulation\Library\PackageCache\com.unity.modules.physicscore2d)
    com.unity.modules.screencapture@1.0.0 (location: C:\Projetos\IC_Proccess_Simulation\Library\PackageCache\com.unity.modules.screencapture)
    com.unity.modules.terrain@1.0.0 (location: C:\Projetos\IC_Proccess_Simulation\Library\PackageCache\com.unity.modules.terrain)
    com.unity.modules.terrainphysics@1.0.0 (location: C:\Projetos\IC_Proccess_Simulation\Library\PackageCache\com.unity.modules.terrainphysics)
    com.unity.modules.tilemap@1.0.0 (location: C:\Projetos\IC_Proccess_Simulation\Library\PackageCache\com.unity.modules.tilemap)
    com.unity.modules.ui@1.0.0 (location: C:\Projetos\IC_Proccess_Simulation\Library\PackageCache\com.unity.modules.ui)
    com.unity.modules.uielements@1.0.0 (location: C:\Projetos\IC_Proccess_Simulation\Library\PackageCache\com.unity.modules.uielements)
    com.unity.modules.umbra@1.0.0 (location: C:\Projetos\IC_Proccess_Simulation\Library\PackageCache\com.unity.modules.umbra)
    com.unity.modules.unityanalytics@1.0.0 (location: C:\Projetos\IC_Proccess_Simulation\Library\PackageCache\com.unity.modules.unityanalytics)
    com.unity.modules.unitywebrequest@1.0.0 (location: C:\Projetos\IC_Proccess_Simulation\Library\PackageCache\com.unity.modules.unitywebrequest)
    com.unity.modules.unitywebrequestassetbundle@1.0.0 (location: C:\Projetos\IC_Proccess_Simulation\Library\PackageCache\com.unity.modules.unitywebrequestassetbundle)
    com.unity.modules.unitywebrequestaudio@1.0.0 (location: C:\Projetos\IC_Proccess_Simulation\Library\PackageCache\com.unity.modules.unitywebrequestaudio)
    com.unity.modules.unitywebrequesttexture@1.0.0 (location: C:\Projetos\IC_Proccess_Simulation\Library\PackageCache\com.unity.modules.unitywebrequesttexture)
    com.unity.modules.unitywebrequestwww@1.0.0 (location: C:\Projetos\IC_Proccess_Simulation\Library\PackageCache\com.unity.modules.unitywebrequestwww)
    com.unity.modules.vectorgraphics@1.0.0 (location: C:\Projetos\IC_Proccess_Simulation\Library\PackageCache\com.unity.modules.vectorgraphics)
    com.unity.modules.vehicles@1.0.0 (location: C:\Projetos\IC_Proccess_Simulation\Library\PackageCache\com.unity.modules.vehicles)
    com.unity.modules.video@1.0.0 (location: C:\Projetos\IC_Proccess_Simulation\Library\PackageCache\com.unity.modules.video)
    com.unity.modules.wind@1.0.0 (location: C:\Projetos\IC_Proccess_Simulation\Library\PackageCache\com.unity.modules.wind)
    com.unity.modules.xr@1.0.0 (location: C:\Projetos\IC_Proccess_Simulation\Library\PackageCache\com.unity.modules.xr)
    com.unity.modules.subsystems@1.0.0 (location: C:\Projetos\IC_Proccess_Simulation\Library\PackageCache\com.unity.modules.subsystems)
    com.unity.modules.hierarchycore@1.0.0 (location: C:\Projetos\IC_Proccess_Simulation\Library\PackageCache\com.unity.modules.hierarchycore)
    com.unity.render-pipelines.core@17.5.0 (location: C:\Projetos\IC_Proccess_Simulation\Library\PackageCache\com.unity.render-pipelines.core@d7ce3ed2cd80)
    com.unity.shadergraph@17.5.0 (location: C:\Projetos\IC_Proccess_Simulation\Library\PackageCache\com.unity.shadergraph@2df19e8719bc)
    com.unity.visualeffectgraph@17.5.0 (location: C:\Projetos\IC_Proccess_Simulation\Library\PackageCache\com.unity.visualeffectgraph@0c8858222b12)
    com.unity.render-pipelines.high-definition-config@17.5.0 (location: C:\Projetos\IC_Proccess_Simulation\Library\PackageCache\com.unity.render-pipelines.high-definition-config@77f033cbf9c5)
    com.unity.test-framework@1.7.0 (location: C:\Projetos\IC_Proccess_Simulation\Library\PackageCache\com.unity.test-framework@f3e6c9a02477)
    com.unity.collections@6.5.0 (location: C:\Projetos\IC_Proccess_Simulation\Library\PackageCache\com.unity.collections@a43cabe808ca)
    com.unity.ext.nunit@2.1.0 (location: C:\Projetos\IC_Proccess_Simulation\Library\PackageCache\com.unity.ext.nunit@44f7d31723bd)
    com.unity.mathematics@1.4.0 (location: C:\Projetos\IC_Proccess_Simulation\Library\PackageCache\com.unity.mathematics@981956d94fb6)
[Subsystems] No new subsystems found in resolved package list.
[Package Manager] Done registering packages in 0.01 seconds
Assembly for Assembly Definition File 'Assets/Tests/PlayMode/IndustrialSim.PlayMode.Tests.asmdef' will not be compiled, because it has no scripts associated with it.
UnityEngine.Debug:ExtractStackTraceNoAlloc (byte*,int,string)
UnityEngine.StackTraceUtility:ExtractStackTrace ()
UnityEngine.DebugLogHandler:Internal_Log (UnityEngine.LogType,UnityEngine.LogOption,string,UnityEngine.Object)
UnityEngine.DebugLogHandler:LogFormat (UnityEngine.LogType,UnityEngine.Object,string,object[])
UnityEngine.Logger:LogFormat (UnityEngine.LogType,string,object[])
UnityEngine.Debug:LogWarningFormat (string,object[])
UnityEditor.Scripting.ScriptCompilation.EditorCompilation:WarnIfThereAreAssembliesWithoutAnyScripts (UnityEditor.Scripting.ScriptCompilation.ScriptAssemblySettings,UnityEditor.Scripting.ScriptCompilation.ScriptAssembly[])
UnityEditor.Scripting.ScriptCompilation.EditorCompilation:CompileScriptsWithSettings (UnityEditor.Scripting.ScriptCompilation.ScriptAssemblySettings)
UnityEditor.Scripting.ScriptCompilation.EditorCompilation:CompileScripts (UnityEditor.Scripting.ScriptCompilation.EditorScriptCompilationOptions,UnityEditor.BuildTarget,int,string[])
UnityEditor.Scripting.ScriptCompilation.EditorCompilationInterface/<>c__DisplayClass21_0:<CompileScripts>b__0 ()
UnityEditor.Scripting.ScriptCompilation.EditorCompilationInterface:EmitExceptionAsError<UnityEditor.Scripting.ScriptCompilation.EditorCompilation/CompileStatus> (System.Func`1<UnityEditor.Scripting.ScriptCompilation.EditorCompilation/CompileStatus>,UnityEditor.Scripting.ScriptCompilation.EditorCompilation/CompileStatus)
UnityEditor.Scripting.ScriptCompilation.EditorCompilationInterface:CompileScripts (UnityEditor.Scripting.ScriptCompilation.EditorScriptCompilationOptions,UnityEditor.BuildTarget,int,string[])

info: Microsoft.Hosting.Lifetime[14]
      Now listening on: http://localhost:80
info: Microsoft.Hosting.Lifetime[0]
      Application started. Press Ctrl+C to shut down.
info: Microsoft.Hosting.Lifetime[0]
      Hosting environment: Production
info: Microsoft.Hosting.Lifetime[0]
      Content root path: C:\Projetos\IC_Proccess_Simulation
info: Microsoft.AspNetCore.Hosting.Diagnostics[1]
      Request starting HTTP/2 POST http://ilpp/UnityILPP.PostProcessing/Ping - application/grpc -
info: Microsoft.AspNetCore.Routing.EndpointMiddleware[0]
      Executing endpoint 'gRPC - /UnityILPP.PostProcessing/Ping'
info: Microsoft.AspNetCore.Routing.EndpointMiddleware[1]
      Executed endpoint 'gRPC - /UnityILPP.PostProcessing/Ping'
info: Microsoft.AspNetCore.Hosting.Diagnostics[2]
      Request finished HTTP/2 POST http://ilpp/UnityILPP.PostProcessing/Ping - 200 - application/grpc 52.1338ms
Starting: C:\Program Files\Unity\Hub\Editor\6000.5.1f1\Editor\Data\Tools\BuildPipeline\bee_backend.exe --ipc --defer-dag-verification --dagfile="Library/Bee/1900b0aE.dag" --continue-on-failure --profile="Library/Bee/backend1.traceevents" ScriptAssemblies
WorkingDir: C:/Projetos/IC_Proccess_Simulation
info: Microsoft.AspNetCore.Hosting.Diagnostics[1]
      Request starting HTTP/2 POST http://ilpp/UnityILPP.PostProcessing/ConfigurePostProcessors - application/grpc -
info: Microsoft.AspNetCore.Routing.EndpointMiddleware[0]
      Executing endpoint 'gRPC - /UnityILPP.PostProcessing/ConfigurePostProcessors'
warn: Unity.ILPP.Runner.PostProcessingAssemblyLoadContext[0]
      Assembly system.runtime.interopservices.windowsruntime has duplicate hint path. Ignoring "C:\Program Files\Unity\Hub\Editor\6000.5.1f1\Editor\Data\UnityReferenceAssemblies\unity-4.8-api\Facades\System.Runtime.InteropServices.WindowsRuntime.dll" in favor of "C:\Program Files\Unity\Hub\Editor\6000.5.1f1\Editor\Data\NetStandard\Extensions\2.0.0\System.Runtime.InteropServices.WindowsRuntime.dll"
warn: Unity.ILPP.Runner.PostProcessingAssemblyLoadContext[0]
      Assembly system.componentmodel.composition has duplicate hint path. Ignoring "C:\Program Files\Unity\Hub\Editor\6000.5.1f1\Editor\Data\UnityReferenceAssemblies\unity-4.8-api\System.ComponentModel.Composition.dll" in favor of "C:\Program Files\Unity\Hub\Editor\6000.5.1f1\Editor\Data\NetStandard\compat\2.1.0\shims\netfx\System.ComponentModel.Composition.dll"
info: Unity.ILPP.Runner.PostProcessingAssemblyLoadContext[0]
      Resolved Unity.Burst.Cecil, Version=0.11.6.0, Culture=neutral, PublicKeyToken=50cebf1cceb9d05e with Library\PackageCache\com.unity.burst@6bb9aca3ef38\Unity.Burst.CodeGen\Unity.Burst.Cecil.dll
info: Unity.ILPP.Runner.PostProcessingAssemblyLoadContext[0]
      Resolved Mono.Cecil, Version=0.11.5.0, Culture=neutral, PublicKeyToken=50cebf1cceb9d05e with Library\PackageCache\com.unity.nuget.mono-cecil@ecb9724e46ff\Mono.Cecil.dll
info: Microsoft.AspNetCore.Routing.EndpointMiddleware[1]
      Executed endpoint 'gRPC - /UnityILPP.PostProcessing/ConfigurePostProcessors'
info: Microsoft.AspNetCore.Hosting.Diagnostics[2]
      Request finished HTTP/2 POST http://ilpp/UnityILPP.PostProcessing/ConfigurePostProcessors - 200 - application/grpc 589.8126ms
ExitCode: 0 Duration: 40s
[632/911    0s] ILPP-Configuration Library/ilpp-configuration.nevergeneratedoutput
*** Tundra build success (40.91 seconds), 1 items updated, 911 evaluated
AssetDatabase: script compilation time: 42.233469s
Begin MonoManager ReloadAssembly
Refreshing native plugins compatible for Editor in 112.94 ms, found 4 plugins.
Native extension for UWP target not found
Native extension for WindowsStandalone target not found
Native extension for OSXStandalone target not found
Native extension for WebGL target not found
[Licensing::Client] Successfully resolved entitlement details
ScheduleIndexationOnStartup MainProcess:True IndexOnStartup:True
Mono: successfully reloaded assembly
- Finished resetting the current domain, in 13.127 seconds
Domain Reload Profiling: 16307ms
	BeginReloadAssembly (456ms)
		DisableScriptedObjects (53ms)
		CreateAndSetChildDomain (262ms)
	RebuildCommonClasses (6ms)
	RebuildNativeTypeToScriptingClass (11ms)
	initialDomainReloadingComplete (42ms)
	LoadAllAssembliesAndSetupDomain (2665ms)
		LoadAssemblies (2225ms)
		AnalyzeDomain (420ms)
			TypeCache.Refresh (354ms)
				TypeCache.ScanAssembly (343ms)
			BuildScriptInfoCaches (57ms)
			ResolveRequiredComponents (6ms)
	FinalizeReload (13128ms)
		SetupLoadedEditorAssemblies (0ms)
			InitializePlatformSupportModulesInManaged (9ms)
			BeforeProcessingInitializeOnLoad (70ms)
			ProcessInitializeOnLoadAttributes (6599ms)
			ProcessInitializeOnLoadMethodAttributes (6267ms)
			AfterProcessingInitializeOnLoad (4ms)
		AwakeInstancesAfterBackupRestoration (17ms)
Starting new worker id: 0 with log in C:/Projetos/IC_Proccess_Simulation/Logs/AssetImportWorkerHW0.log

Asset Pipeline Refresh (id=ce07da8fd4d21264c80406d0699d9914): Total: 68.993 seconds - Initiated by InitialRefreshV2(ForceSynchronousImport)
	(Values over 0.05ms)
	Summary:
		Imports: total=0 (actual=0, local cache=0, cache server=0)
		Asset DB Process Time: managed=0 ms, native=23359 ms
		Asset DB Callback time: managed=92 ms, native=35 ms
		Scripting: domain reloads=1, domain reload time=3221 ms, compile time=42235 ms, other=48 ms
		Project Asset Count: scripts=1604, non-scripts=3159
		Asset File Changes: new=0, changed=0, moved=0, deleted=0
		Scan Filter Count: 0
	InvokePackagesCallback: 36.733ms
	ApplyChangesToAssetFolders: 0.868ms
	Scan: 475.743ms
	Collect global state as custom dependencies: 2.203ms
	CategorizeScriptCompilationAssets: 2059.481ms
	ProcessAssetsWithTransientArtifactChanges: 76.029ms
	CategorizeAssets: 68.053ms
	CompileScripts: 42234.950ms
	ImportOutOfDateAssets: 13320.307ms (13254.886ms without children)
		UnloadImportedAssets: 1.289ms
		EnsureUptoDateAssetsAreRegisteredWithGuidPM: 0.554ms
		ImportSchedulerStart: 63.528ms
	PostProcessAllAssets: 92.308ms
		MonoPostProcessAllAssets: 92.252ms
			SyncVS.PostprocessSyncProject 63.059ms
			HDRenderPipelineGlobalSettingsPostprocessor.OnPostprocessAllAssets 11.636ms
			SpeedTree9Postprocessor.OnPostprocessAllAssets 1.518ms
			WindowAssetPostprocessingWatcher.OnPostprocessAllAssets 1.440ms
			RenderPipelineGlobalSettingsPostprocessor.OnPostprocessAllAssets 0.634ms
			ShaderReflectionAssetPostProcessor.OnPostprocessAllAssets 0.283ms
			ReferencedClipsPostProcessor.OnPostprocessAllAssets 0.270ms
			InputActionAssetPostprocessor.OnPostprocessAllAssets 0.223ms
			TerrainToolbarOverlayPostProcessor.OnPostprocessAllAssets 0.155ms
			ProjectSettingsPostprocessor.OnPostprocessAllAssets 0.141ms
			AssetDatabaseCallbacks.OnPostprocessAllAssets 0.130ms
	UnloadStreamsBegin: 2.604ms
	PersistCurrentRevisions: 0.137ms
	GenerateScriptTypeHashes: 1.215ms
	GenerateScriptTypeSerializationHashes: 2.443ms
	Untracked: 10618.524ms

Application.AssetDatabase Initial Refresh End
Launched and connected shader compiler UnityShaderCompiler.exe after 0.05 seconds
Worker ready: AssetImportWorkerHW0 0
Scanning for USB devices : 6.164ms
Initializing Unity extensions:
[MODES] ModeService[none].Initialize
[MODES] ModeService[none].LoadModes
[MODES] Loading mode Default (0) for mode-current-id-IndustrialProcessSimulation
[Licensing::Client] Successfully resolved entitlement details
Unloading 26 Unused Serialized files (Serialized files now loaded: 0)
Loaded scene 'Assets/Scenes/MathTest.unity'
	Deserialize:            14.995 ms
	Integration:            288.811 ms
	Integration of assets:  0.006 ms
	Thread Wait Time:       0.969 ms
	Total Operation Time:   304.781 ms
[Licensing::Client] Successfully resolved entitlement details
Unloading 7587 unused Assets / (8.3 MB). Loaded Objects now: 8760.
Memory consumption went from 0.54 GB to 0.53 GB.
Total: 18.158400 ms (FindLiveObjects: 0.789700 ms CreateObjectMapping: 3.644400 ms MarkObjects: 6.432800 ms  DeleteObjects: 7.288200 ms)

[LAYOUT] About to load UserSettings\Layouts\default-6000.dwlt, keepMainWindow=False
[LAYOUT] About to save layout C:\Projetos\IC_Proccess_Simulation\UserSettings\Layouts\default-6000.dwlt
[LAYOUT] About to save layout C:/Users/saulo/AppData/Roaming/Unity/Editor-5.x/Preferences\Layouts\current\default-6000.dwlt
[MODES] ModeService[default].InitializeCurrentMode
[MODES] ModeService[default].RaiseModeChanged(default, default)
<RI> Initializing input.
Using Windows.Gaming.Input
[Project] Loading completed in 101.902 seconds
	Project init time: 				92.950 seconds
		Template init time: 		0.000 seconds
		Package Manager init time: 		4.786 seconds
		Asset Database init time: 		1.018 seconds
		Global illumination init time: 	0.017 seconds
		Assemblies load time: 			9.746 seconds
		Unity extensions init time: 	0.032 seconds
		Asset Database refresh time: 	68.993 seconds
	Scene opening time: 			8.807 seconds
##utp:{"type":"ProjectInfo","version":2,"phase":"Immediate","time":1786028837590,"processId":32456,"projectLoad":101.9022846,"projectInit":92.9497558,"templateInit":0.0,"packageManagerInit":4.7855949,"assetDatabaseInit":1.0177665,"globalIlluminationInit":0.0170709,"assembliesLoad":9.7458744,"unityExtensionsInit":0.0315451,"assetDatabaseRefresh":68.9927894,"sceneOpening":8.8071002}
##utp:{"type":"EditorInfo","version":2,"phase":"Immediate","time":1786028837591,"processId":32456,"editorVersion":"6000.5.1f1 (0d9463e84828)","branch":"6000.5/staging","buildType":"Release","platform":"Windows"}
[Licensing::Client] Successfully resolved entitlement details
Asset Pipeline Refresh (id=dda872a815e76fe49bf188cbd97f0a7e): Total: 0.137 seconds - Initiated by RefreshV2(AllowForceSynchronousImport)
Request Asset Garbage Collect because used heap size increased from 0.53 GB to 0.88 GB, exceeding the threshold of 256.0 MB.
Unloading 4 Unused Serialized files (Serialized files now loaded: 0)
Unloading 53 unused Assets / (17.1 MB). Loaded Objects now: 10163.
Memory consumption went from 0.88 GB to 0.87 GB.
Total: 15.249200 ms (FindLiveObjects: 0.470300 ms CreateObjectMapping: 1.202600 ms MarkObjects: 9.906400 ms  DeleteObjects: 3.668500 ms)

[Licensing::Client] Successfully resolved entitlement details
[Licensing::Client] Successfully updated the access token
[Licensing::Module] Successfully updated access token: "CIIMQ28G"... (expires: 2026-08-06T17:04:46Z)
Created GICache directory at C:/Users/saulo/AppData/LocalLow/Unity/Caches/GiCache. Took: 0.084s, timestamps: [104.924 - 105.008]
[Licensing::Client] Successfully resolved entitlement details
[Licensing::Client] Successfully resolved entitlement details
[Licensing::Client] Successfully resolved entitlement details
UPID Received '4dcfb6bf-600c-4547-a78e-622efdda9f33'.
TrimDiskCacheJob: Current cache size 0mb
