[2026-08-20T11:45:25.889Z][INFO] Command-line: 'C:\\Program Files\\Unity\\Hub\\Editor\\6000.5.1f1\\Editor\\Data\\Resources\\PackageManager\\Server\\UnityPackageManager.exe' server -s 2776 --ipc-path Unity-Upm-2776 -l 2 --log-file C:\\Projetos\\IC_Proccess_Simulation/Logs/upm.log
[2026-08-20T11:45:25.914Z][INFO] IPC server started (IPC path=Unity-Upm-2776).
[2026-08-20T11:45:25.914Z][INFO] Hint: To connect to this UPM instance, launch Unity with the command-line parameter -upmIpcPath Upm-2776.
[2026-08-20T11:45:29.204Z][INFO] project:list-packages <-- Request received
params: {}
[2026-08-20T11:45:29.312Z][INFO] config:project:get-registries <-- Request received
params: {}
[2026-08-20T11:45:29.322Z][INFO] project:list-packages <-- Request received
params: {}
[2026-08-20T11:45:29.328Z][INFO] config:project:get-registries --> 200 (16 ms)
[2026-08-20T11:45:29.516Z][INFO] project:list-packages --> 200 (312 ms)
[2026-08-20T11:45:29.649Z][INFO] project:list-packages --> 200 (327 ms)
[2026-08-20T11:45:31.658Z][INFO] project:list-packages <-- Request received
params: {}
[2026-08-20T11:45:31.683Z][INFO] project:list-packages <-- Request received
params: {}
[2026-08-20T11:45:31.808Z][INFO] project:list-packages --> 200 (150 ms)
[2026-08-20T11:45:31.837Z][INFO] project:list-packages --> 200 (154 ms)
[2026-08-20T11:45:33.489Z][INFO] project:list-packages <-- Request received
params: {}
[2026-08-20T11:45:33.528Z][INFO] project:list-packages <-- Request received
params: {}
[2026-08-20T11:45:33.617Z][INFO] project:list-packages --> 200 (128 ms)
[2026-08-20T11:45:33.657Z][INFO] project:list-packages --> 200 (129 ms)
[2026-08-20T11:45:33.831Z][INFO] config:project:get-registries <-- Request received
params: {}
[2026-08-20T11:45:33.834Z][INFO] config:project:get-registries --> 200 (3 ms)
[2026-08-20T11:45:39.634Z][INFO] project:list-packages <-- Request received
params: {}
[2026-08-20T11:45:39.737Z][INFO] project:list-packages --> 200 (103 ms)
[2026-08-20T11:45:42.858Z][INFO] project:list-packages <-- Request received
params: {}
[2026-08-20T11:45:42.957Z][INFO] project:list-packages --> 200 (99 ms)
[2026-08-20T11:45:45.171Z][INFO] project:list-packages <-- Request received
params: {}
[2026-08-20T11:45:45.277Z][INFO] project:list-packages --> 200 (106 ms)
[2026-08-20T11:45:45.461Z][INFO] project:list-packages <-- Request received
params: {}
[2026-08-20T11:45:45.579Z][INFO] project:list-packages --> 200 (118 ms)
[2026-08-20T11:45:45.640Z][INFO] project:list-packages <-- Request received
params: {}
[2026-08-20T11:45:45.758Z][INFO] project:list-packages --> 200 (119 ms)
[2026-08-20T11:45:45.807Z][INFO] project:list-packages <-- Request received
params: {}
[2026-08-20T11:45:45.925Z][INFO] project:list-packages --> 200 (118 ms)
[2026-08-20T11:45:45.980Z][INFO] project:list-packages <-- Request received
params: {}
[2026-08-20T11:45:46.092Z][INFO] project:list-packages --> 200 (112 ms)
